Archive member included to satisfy reference by file (symbol)

/usr/lib/gcc/avr/4.9.2/../../../avr/lib/avr5/libm.a(addsf3.o)
                              .build/obj_preonic_mustcode/quantum/audio/voices.o (__subsf3)
/usr/lib/gcc/avr/4.9.2/../../../avr/lib/avr5/libm.a(addsf3x.o)
                              /usr/lib/gcc/avr/4.9.2/../../../avr/lib/avr5/libm.a(addsf3.o) (__addsf3x)
/usr/lib/gcc/avr/4.9.2/../../../avr/lib/avr5/libm.a(cmpsf2.o)
                              .build/obj_preonic_mustcode/quantum/audio/audio.o (__eqsf2)
/usr/lib/gcc/avr/4.9.2/../../../avr/lib/avr5/libm.a(divsf3.o)
                              .build/obj_preonic_mustcode/quantum/process_keycode/process_audio.o (__divsf3)
/usr/lib/gcc/avr/4.9.2/../../../avr/lib/avr5/libm.a(divsf3x.o)
                              /usr/lib/gcc/avr/4.9.2/../../../avr/lib/avr5/libm.a(divsf3.o) (__divsf3x)
/usr/lib/gcc/avr/4.9.2/../../../avr/lib/avr5/libm.a(fixsfsi.o)
                              .build/obj_preonic_mustcode/quantum/audio/voices.o (__fixsfsi)
/usr/lib/gcc/avr/4.9.2/../../../avr/lib/avr5/libm.a(fixunssfsi.o)
                              .build/obj_preonic_mustcode/quantum/audio/audio.o (__fixunssfsi)
/usr/lib/gcc/avr/4.9.2/../../../avr/lib/avr5/libm.a(floatsisf.o)
                              .build/obj_preonic_mustcode/quantum/audio/audio.o (__floatunsisf)
/usr/lib/gcc/avr/4.9.2/../../../avr/lib/avr5/libm.a(fmod.o)
                              .build/obj_preonic_mustcode/quantum/audio/voices.o (fmod)
/usr/lib/gcc/avr/4.9.2/../../../avr/lib/avr5/libm.a(fp_cmp.o)
                              /usr/lib/gcc/avr/4.9.2/../../../avr/lib/avr5/libm.a(cmpsf2.o) (__fp_cmp)
/usr/lib/gcc/avr/4.9.2/../../../avr/lib/avr5/libm.a(fp_inf.o)
                              /usr/lib/gcc/avr/4.9.2/../../../avr/lib/avr5/libm.a(addsf3x.o) (__fp_inf)
/usr/lib/gcc/avr/4.9.2/../../../avr/lib/avr5/libm.a(fp_mpack.o)
                              /usr/lib/gcc/avr/4.9.2/../../../avr/lib/avr5/libm.a(fmod.o) (__fp_mpack)
/usr/lib/gcc/avr/4.9.2/../../../avr/lib/avr5/libm.a(fp_nan.o)
                              /usr/lib/gcc/avr/4.9.2/../../../avr/lib/avr5/libm.a(addsf3x.o) (__fp_nan)
/usr/lib/gcc/avr/4.9.2/../../../avr/lib/avr5/libm.a(fp_pscA.o)
                              /usr/lib/gcc/avr/4.9.2/../../../avr/lib/avr5/libm.a(addsf3x.o) (__fp_pscA)
/usr/lib/gcc/avr/4.9.2/../../../avr/lib/avr5/libm.a(fp_pscB.o)
                              /usr/lib/gcc/avr/4.9.2/../../../avr/lib/avr5/libm.a(addsf3x.o) (__fp_pscB)
/usr/lib/gcc/avr/4.9.2/../../../avr/lib/avr5/libm.a(fp_round.o)
                              /usr/lib/gcc/avr/4.9.2/../../../avr/lib/avr5/libm.a(addsf3.o) (__fp_round)
/usr/lib/gcc/avr/4.9.2/../../../avr/lib/avr5/libm.a(fp_split3.o)
                              /usr/lib/gcc/avr/4.9.2/../../../avr/lib/avr5/libm.a(addsf3x.o) (__fp_split3)
/usr/lib/gcc/avr/4.9.2/../../../avr/lib/avr5/libm.a(fp_zero.o)
                              /usr/lib/gcc/avr/4.9.2/../../../avr/lib/avr5/libm.a(addsf3x.o) (__fp_zero)
/usr/lib/gcc/avr/4.9.2/../../../avr/lib/avr5/libm.a(gesf2.o)
                              .build/obj_preonic_mustcode/quantum/audio/audio.o (__gesf2)
/usr/lib/gcc/avr/4.9.2/../../../avr/lib/avr5/libm.a(mulsf3.o)
                              .build/obj_preonic_mustcode/quantum/process_keycode/process_audio.o (__mulsf3)
/usr/lib/gcc/avr/4.9.2/../../../avr/lib/avr5/libm.a(mulsf3x.o)
                              /usr/lib/gcc/avr/4.9.2/../../../avr/lib/avr5/libm.a(mulsf3.o) (__mulsf3x)
/usr/lib/gcc/avr/4.9.2/../../../avr/lib/avr5/libm.a(pow.o)
                              .build/obj_preonic_mustcode/quantum/process_keycode/process_audio.o (pow)
/usr/lib/gcc/avr/4.9.2/../../../avr/lib/avr5/libm.a(exp.o)
                              /usr/lib/gcc/avr/4.9.2/../../../avr/lib/avr5/libm.a(pow.o) (exp)
/usr/lib/gcc/avr/4.9.2/../../../avr/lib/avr5/libm.a(fp_powser.o)
                              /usr/lib/gcc/avr/4.9.2/../../../avr/lib/avr5/libm.a(exp.o) (__fp_powser)
/usr/lib/gcc/avr/4.9.2/../../../avr/lib/avr5/libm.a(inverse.o)
                              /usr/lib/gcc/avr/4.9.2/../../../avr/lib/avr5/libm.a(exp.o) (inverse)
/usr/lib/gcc/avr/4.9.2/../../../avr/lib/avr5/libm.a(ldexp.o)
                              /usr/lib/gcc/avr/4.9.2/../../../avr/lib/avr5/libm.a(exp.o) (ldexp)
/usr/lib/gcc/avr/4.9.2/../../../avr/lib/avr5/libm.a(log.o)
                              /usr/lib/gcc/avr/4.9.2/../../../avr/lib/avr5/libm.a(pow.o) (log)
/usr/lib/gcc/avr/4.9.2/../../../avr/lib/avr5/libm.a(modf.o)
                              /usr/lib/gcc/avr/4.9.2/../../../avr/lib/avr5/libm.a(exp.o) (modf)
/usr/lib/gcc/avr/4.9.2/avr5/libgcc.a(_udivmodhi4.o)
                              .build/obj_preonic_mustcode/quantum/audio/voices.o (__udivmodhi4)
/usr/lib/gcc/avr/4.9.2/avr5/libgcc.a(_divmodhi4.o)
                              .build/obj_preonic_mustcode/quantum/audio/audio.o (__divmodhi4)
/usr/lib/gcc/avr/4.9.2/avr5/libgcc.a(_exit.o)
[...]
Memory Configuration

Name             Origin             Length             Attributes
text             0x0000000000000000 0x0000000000020000 xr
data             0x0000000000800060 0x000000000000ffa0 rw !x
eeprom           0x0000000000810000 0x0000000000010000 rw !x
fuse             0x0000000000820000 0x0000000000000400 rw !x
lock             0x0000000000830000 0x0000000000000400 rw !x
signature        0x0000000000840000 0x0000000000000400 rw !x
user_signatures  0x0000000000850000 0x0000000000000400 rw !x
*default*        0x0000000000000000 0xffffffffffffffff

Linker script and memory map

Address of section .data set to 0x800100
LOAD /usr/lib/gcc/avr/4.9.2/../../../avr/lib/avr5/crtatmega32u4.o
LOAD .build/obj_preonic_mustcode/keyboards/preonic/preonic.o
LOAD .build/obj_preonic_mustcode/keyboards/preonic/keymaps/mustcode/keymap.o
LOAD .build/obj_preonic_mustcode/quantum/quantum.o
LOAD .build/obj_preonic_mustcode/quantum/keymap_common.o
LOAD .build/obj_preonic_mustcode/quantum/keycode_config.o
LOAD .build/obj_preonic_mustcode/quantum/process_keycode/process_leader.o
LOAD .build/obj_preonic_mustcode/quantum/matrix.o
LOAD .build/obj_preonic_mustcode/quantum/process_keycode/process_audio.o
LOAD .build/obj_preonic_mustcode/quantum/audio/audio.o
LOAD .build/obj_preonic_mustcode/quantum/audio/voices.o
LOAD .build/obj_preonic_mustcode/quantum/audio/luts.o
LOAD .build/obj_preonic_mustcode/quantum/process_keycode/process_midi.o
LOAD .build/obj_preonic_mustcode/quantum/process_keycode/process_music.o
LOAD .build/obj_preonic_mustcode/common/host.o
LOAD .build/obj_preonic_mustcode/common/keyboard.o
LOAD .build/obj_preonic_mustcode/common/action.o
LOAD .build/obj_preonic_mustcode/common/action_tapping.o
LOAD .build/obj_preonic_mustcode/common/action_macro.o
LOAD .build/obj_preonic_mustcode/common/action_layer.o
LOAD .build/obj_preonic_mustcode/common/action_util.o
LOAD .build/obj_preonic_mustcode/common/print.o
LOAD .build/obj_preonic_mustcode/common/debug.o
LOAD .build/obj_preonic_mustcode/common/util.o
LOAD .build/obj_preonic_mustcode/common/eeconfig.o
LOAD .build/obj_preonic_mustcode/common/avr/suspend.o
LOAD .build/obj_preonic_mustcode/common/avr/timer.o
LOAD .build/obj_preonic_mustcode/common/avr/bootloader.o
LOAD .build/obj_preonic_mustcode/common/avr/xprintf.o
LOAD .build/obj_preonic_mustcode/common/magic.o
LOAD .build/obj_preonic_mustcode/common/backlight.o
LOAD .build/obj_preonic_mustcode/midi.o
LOAD .build/obj_preonic_mustcode/midi_device.o
LOAD .build/obj_preonic_mustcode/bytequeue/bytequeue.o
LOAD .build/obj_preonic_mustcode/bytequeue/interrupt_setting.o
LOAD .build/obj_preonic_mustcode/sysex_tools.o
LOAD .build/obj_preonic_mustcode/protocol/lufa/LUFA-git/LUFA/Drivers/USB/Class/Device/AudioClassDevice.o
LOAD .build/obj_preonic_mustcode/protocol/lufa/LUFA-git/LUFA/Drivers/USB/Class/Device/CDCClassDevice.o
LOAD .build/obj_preonic_mustcode/protocol/lufa/LUFA-git/LUFA/Drivers/USB/Class/Device/HIDClassDevice.o
LOAD .build/obj_preonic_mustcode/protocol/lufa/LUFA-git/LUFA/Drivers/USB/Class/Device/MassStorageClassDevice.o
LOAD .build/obj_preonic_mustcode/protocol/lufa/LUFA-git/LUFA/Drivers/USB/Class/Device/MIDIClassDevice.o
LOAD .build/obj_preonic_mustcode/protocol/lufa/LUFA-git/LUFA/Drivers/USB/Class/Device/PrinterClassDevice.o
LOAD .build/obj_preonic_mustcode/protocol/lufa/LUFA-git/LUFA/Drivers/USB/Class/Device/RNDISClassDevice.o
LOAD .build/obj_preonic_mustcode/protocol/lufa/LUFA-git/LUFA/Drivers/USB/Class/Host/AndroidAccessoryClassHost.o
LOAD .build/obj_preonic_mustcode/protocol/lufa/LUFA-git/LUFA/Drivers/USB/Class/Host/AudioClassHost.o
LOAD .build/obj_preonic_mustcode/protocol/lufa/LUFA-git/LUFA/Drivers/USB/Class/Host/CDCClassHost.o
LOAD .build/obj_preonic_mustcode/protocol/lufa/LUFA-git/LUFA/Drivers/USB/Class/Host/HIDClassHost.o
LOAD .build/obj_preonic_mustcode/protocol/lufa/LUFA-git/LUFA/Drivers/USB/Class/Host/MassStorageClassHost.o
LOAD .build/obj_preonic_mustcode/protocol/lufa/LUFA-git/LUFA/Drivers/USB/Class/Host/MIDIClassHost.o
LOAD .build/obj_preonic_mustcode/protocol/lufa/LUFA-git/LUFA/Drivers/USB/Class/Host/PrinterClassHost.o
LOAD .build/obj_preonic_mustcode/protocol/lufa/LUFA-git/LUFA/Drivers/USB/Class/Host/RNDISClassHost.o
LOAD .build/obj_preonic_mustcode/protocol/lufa/LUFA-git/LUFA/Drivers/USB/Class/Host/StillImageClassHost.o
LOAD .build/obj_preonic_mustcode/lufa.o
LOAD .build/obj_preonic_mustcode/descriptor.o
LOAD .build/obj_preonic_mustcode/outputselect.o
LOAD .build/obj_preonic_mustcode/protocol/lufa/LUFA-git/LUFA/Drivers/USB/Class/Common/HIDParser.o
LOAD .build/obj_preonic_mustcode/protocol/lufa/LUFA-git/LUFA/Drivers/USB/Core/AVR8/Device_AVR8.o
LOAD .build/obj_preonic_mustcode/protocol/lufa/LUFA-git/LUFA/Drivers/USB/Core/AVR8/EndpointStream_AVR8.o
LOAD .build/obj_preonic_mustcode/protocol/lufa/LUFA-git/LUFA/Drivers/USB/Core/AVR8/Endpoint_AVR8.o
LOAD .build/obj_preonic_mustcode/protocol/lufa/LUFA-git/LUFA/Drivers/USB/Core/AVR8/Host_AVR8.o
LOAD .build/obj_preonic_mustcode/protocol/lufa/LUFA-git/LUFA/Drivers/USB/Core/AVR8/PipeStream_AVR8.o
LOAD .build/obj_preonic_mustcode/protocol/lufa/LUFA-git/LUFA/Drivers/USB/Core/AVR8/Pipe_AVR8.o
LOAD .build/obj_preonic_mustcode/protocol/lufa/LUFA-git/LUFA/Drivers/USB/Core/AVR8/USBController_AVR8.o
LOAD .build/obj_preonic_mustcode/protocol/lufa/LUFA-git/LUFA/Drivers/USB/Core/AVR8/USBInterrupt_AVR8.o
LOAD .build/obj_preonic_mustcode/protocol/lufa/LUFA-git/LUFA/Drivers/USB/Core/ConfigDescriptors.o
LOAD .build/obj_preonic_mustcode/protocol/lufa/LUFA-git/LUFA/Drivers/USB/Core/DeviceStandardReq.o
LOAD .build/obj_preonic_mustcode/protocol/lufa/LUFA-git/LUFA/Drivers/USB/Core/Events.o
LOAD .build/obj_preonic_mustcode/protocol/lufa/LUFA-git/LUFA/Drivers/USB/Core/HostStandardReq.o
LOAD .build/obj_preonic_mustcode/protocol/lufa/LUFA-git/LUFA/Drivers/USB/Core/USBTask.o
LOAD /usr/lib/gcc/avr/4.9.2/../../../avr/lib/avr5/libm.a
START GROUP
LOAD /usr/lib/gcc/avr/4.9.2/avr5/libgcc.a
LOAD /usr/lib/gcc/avr/4.9.2/../../../avr/lib/avr5/libm.a
LOAD /usr/lib/gcc/avr/4.9.2/../../../avr/lib/avr5/libc.a
LOAD /usr/lib/gcc/avr/4.9.2/../../../avr/lib/avr5/libatmega32u4.a
END GROUP

.hash
 *(.hash)

.dynsym
 *(.dynsym)

.dynstr
 *(.dynstr)

.gnu.version
 *(.gnu.version)

.gnu.version_d
 *(.gnu.version_d)

.gnu.version_r
 *(.gnu.version_r)

.rel.init
 *(.rel.init)

.rela.init
 *(.rela.init)

.rel.text
 *(.rel.text)
 *(.rel.text.*)
 *(.rel.gnu.linkonce.t*)

.rela.text
 *(.rela.text)
 *(.rela.text.*)
 *(.rela.gnu.linkonce.t*)

.rel.fini
 *(.rel.fini)

.rela.fini
 *(.rela.fini)

.rel.rodata
 *(.rel.rodata)
 *(.rel.rodata.*)
 *(.rel.gnu.linkonce.r*)

.rela.rodata
 *(.rela.rodata)
 *(.rela.rodata.*)
 *(.rela.gnu.linkonce.r*)

.rel.data
 *(.rel.data)
 *(.rel.data.*)
 *(.rel.gnu.linkonce.d*)

.rela.data
 *(.rela.data)
 *(.rela.data.*)
 *(.rela.gnu.linkonce.d*)

.rel.ctors
 *(.rel.ctors)

.rela.ctors
 *(.rela.ctors)

.rel.dtors
 *(.rel.dtors)

.rela.dtors
 *(.rela.dtors)

.rel.got
 *(.rel.got)

.rela.got
 *(.rela.got)

.rel.bss
 *(.rel.bss)

.rela.bss
 *(.rela.bss)

.rel.plt
 *(.rel.plt)

.rela.plt
 *(.rela.plt)

.text           0x0000000000000000     0x6216
 *(.vectors)
 .vectors       0x0000000000000000       0xac /usr/lib/gcc/avr/4.9.2/../../../avr/lib/avr5/crtatmega32u4.o
                0x0000000000000000                __vectors
                0x0000000000000000                __vector_default
 *(.vectors)
 *(.progmem.gcc*)
 .progmem.gcc_sw_table.process_record_quantum
                0x00000000000000ac       0x24 .build/obj_preonic_mustcode/quantum/quantum.o
 .progmem.gcc_sw_table.voice_envelope
                0x00000000000000d0       0x10 .build/obj_preonic_mustcode/quantum/audio/voices.o
 .progmem.gcc_sw_table.process_action
                0x00000000000000e0       0x4a .build/obj_preonic_mustcode/common/action.o
 .progmem.gcc_sw_table.is_tap_key
                0x000000000000012a       0x1c .build/obj_preonic_mustcode/common/action.o
 .progmem.gcc_sw_table.USB_Device_ProcessControlRequest
                0x0000000000000146       0x14 .build/obj_preonic_mustcode/protocol/lufa/LUFA-git/LUFA/Drivers/USB/Core/DeviceStandardReq.o
 .progmem.gcc_fplib
                0x000000000000015a       0x28 /usr/lib/gcc/avr/4.9.2/../../../avr/lib/avr5/libm.a(exp.o)
 .progmem.gcc_fplib
                0x0000000000000182       0x5a /usr/lib/gcc/avr/4.9.2/../../../avr/lib/avr5/libm.a(log.o)
                0x00000000000001dc                . = ALIGN (0x2)
                0x00000000000001dc                __trampolines_start = .
 *(.trampolines)
 .trampolines   0x00000000000001dc        0x0 linker stubs
 *(.trampolines*)
                0x00000000000001dc                __trampolines_end = .
 *(.progmem*)
 .progmem.data.keymaps
                0x00000000000001dc      0x2d0 .build/obj_preonic_mustcode/keyboards/preonic/keymaps/mustcode/keymap.o
                0x00000000000001dc                keymaps
 .progmem.data.fn_actions
                0x00000000000004ac        0x0 .build/obj_preonic_mustcode/quantum/keymap_common.o
                0x00000000000004ac                fn_actions
 .progmem.data.ProductString
                0x00000000000004ac       0x2c .build/obj_preonic_mustcode/descriptor.o
                0x00000000000004ac                ProductString
 .progmem.data.ManufacturerString
                0x00000000000004d8       0x2e .build/obj_preonic_mustcode/descriptor.o
                0x00000000000004d8                ManufacturerString
 .progmem.data.LanguageString
                0x0000000000000506        0x4 .build/obj_preonic_mustcode/descriptor.o
                0x0000000000000506                LanguageString
 .progmem.data.ConfigurationDescriptor
                0x000000000000050a       0x97 .build/obj_preonic_mustcode/descriptor.o
                0x000000000000050a                ConfigurationDescriptor
 .progmem.data.DeviceDescriptor
                0x00000000000005a1       0x12 .build/obj_preonic_mustcode/descriptor.o
                0x00000000000005a1                DeviceDescriptor
 .progmem.data.ExtrakeyReport
                0x00000000000005b3       0x36 .build/obj_preonic_mustcode/descriptor.o
                0x00000000000005b3                ExtrakeyReport
 .progmem.data.KeyboardReport
                0x00000000000005e9       0x40 .build/obj_preonic_mustcode/descriptor.o
                0x00000000000005e9                KeyboardReport
                0x000000000000062a                . = ALIGN (0x2)
 *fill*         0x0000000000000629        0x1 
 *(.jumptables)
 *(.jumptables*)
 *(.lowtext)
 *(.lowtext*)
                0x000000000000062a                __ctors_start = .
 *(.ctors)
                0x000000000000062a                __ctors_end = .
                0x000000000000062a                __dtors_start = .
 *(.dtors)
                0x000000000000062a                __dtors_end = .
 SORT(*)(.ctors)
 SORT(*)(.dtors)
 *(.init0)
 .init0         0x000000000000062a        0x0 /usr/lib/gcc/avr/4.9.2/../../../avr/lib/avr5/crtatmega32u4.o
                0x000000000000062a                __init
 *(.init0)
 *(.init1)
 *(.init1)
 *(.init2)
 .init2         0x000000000000062a        0xc /usr/lib/gcc/avr/4.9.2/../../../avr/lib/avr5/crtatmega32u4.o
 *(.init2)
 *(.init3)
 .init3         0x0000000000000636       0x54 .build/obj_preonic_mustcode/common/avr/bootloader.o
                0x0000000000000636                bootloader_jump_after_watchdog_reset
 *(.init3)
 *(.init4)
 .init4         0x000000000000068a       0x16 /usr/lib/gcc/avr/4.9.2/avr5/libgcc.a(_copy_data.o)
                0x000000000000068a                __do_copy_data
 .init4         0x00000000000006a0       0x10 /usr/lib/gcc/avr/4.9.2/avr5/libgcc.a(_clear_bss.o)
                0x00000000000006a0                __do_clear_bss
 *(.init4)
 *(.init5)
 *(.init5)
 *(.init6)
 *(.init6)
 *(.init7)
 *(.init7)
 *(.init8)
 *(.init8)
 *(.init9)
 .init9         0x00000000000006b0        0x8 /usr/lib/gcc/avr/4.9.2/../../../avr/lib/avr5/crtatmega32u4.o
 *(.init9)
 *(.text)
 .text          0x00000000000006b8        0x4 /usr/lib/gcc/avr/4.9.2/../../../avr/lib/avr5/crtatmega32u4.o
                0x00000000000006b8                __vector_38
                0x00000000000006b8                __vector_22
                0x00000000000006b8                __vector_28
                0x00000000000006b8                __vector_1
                0x00000000000006b8                __vector_34
                0x00000000000006b8                __vector_24
                0x00000000000006b8                __bad_interrupt
                0x00000000000006b8                __vector_6
                0x00000000000006b8                __vector_31
                0x00000000000006b8                __vector_35
                0x00000000000006b8                __vector_39
                0x00000000000006b8                __vector_3
                0x00000000000006b8                __vector_23
                0x00000000000006b8                __vector_30
                0x00000000000006b8                __vector_25
                0x00000000000006b8                __vector_13
                0x00000000000006b8                __vector_17
                0x00000000000006b8                __vector_19
                0x00000000000006b8                __vector_7
                0x00000000000006b8                __vector_41
                0x00000000000006b8                __vector_27
                0x00000000000006b8                __vector_5
                0x00000000000006b8                __vector_33
                0x00000000000006b8                __vector_37
                0x00000000000006b8                __vector_4
                0x00000000000006b8                __vector_9
                0x00000000000006b8                __vector_2
                0x00000000000006b8                __vector_15
                0x00000000000006b8                __vector_36
                0x00000000000006b8                __vector_29
                0x00000000000006b8                __vector_40
                0x00000000000006b8                __vector_8
                0x00000000000006b8                __vector_26
                0x00000000000006b8                __vector_14
                0x00000000000006b8                __vector_16
                0x00000000000006b8                __vector_18
                0x00000000000006b8                __vector_20
                0x00000000000006b8                __vector_42
                0x00000000000006bc                . = ALIGN (0x2)
 *(.text.*)
 .text.matrix_init_kb
                0x00000000000006bc        0x8 .build/obj_preonic_mustcode/keyboards/preonic/preonic.o
                0x00000000000006bc                matrix_init_kb
 .text.persistent_default_layer_set
                0x00000000000006c4       0x18 .build/obj_preonic_mustcode/keyboards/preonic/keymaps/mustcode/keymap.o
                0x00000000000006c4                persistent_default_layer_set
 .text.process_record_user
                0x00000000000006dc       0xf2 .build/obj_preonic_mustcode/keyboards/preonic/keymaps/mustcode/keymap.o
                0x00000000000006dc                process_record_user
 .text.startup_user
                0x00000000000007ce       0x30 .build/obj_preonic_mustcode/keyboards/preonic/keymaps/mustcode/keymap.o
                0x00000000000007ce                startup_user
 .text.matrix_init_user
                0x00000000000007fe        0x4 .build/obj_preonic_mustcode/keyboards/preonic/keymaps/mustcode/keymap.o
                0x00000000000007fe                matrix_init_user
 .text.shutdown_user
                0x0000000000000802       0x32 .build/obj_preonic_mustcode/keyboards/preonic/keymaps/mustcode/keymap.o
                0x0000000000000802                shutdown_user
 .text.music_scale_user
                0x0000000000000834       0x1e .build/obj_preonic_mustcode/keyboards/preonic/keymaps/mustcode/keymap.o
                0x0000000000000834                music_scale_user
 .text.music_on_user
                0x0000000000000852        0x4 .build/obj_preonic_mustcode/keyboards/preonic/keymaps/mustcode/keymap.o
                0x0000000000000852                music_on_user
 .text.process_action_kb
                0x0000000000000856        0x4 .build/obj_preonic_mustcode/quantum/quantum.o
                0x0000000000000856                process_action_kb
 .text.process_record_kb
                0x000000000000085a        0x4 .build/obj_preonic_mustcode/quantum/quantum.o
                0x000000000000085a                process_record_kb
 .text.update_tri_layer
                0x000000000000085e       0x80 .build/obj_preonic_mustcode/quantum/quantum.o
                0x000000000000085e                update_tri_layer
 .text.matrix_scan_quantum
                0x00000000000008de        0x8 .build/obj_preonic_mustcode/quantum/quantum.o
                0x00000000000008de                matrix_scan_quantum
 .text.backlight_init_ports
                0x00000000000008e6       0x20 .build/obj_preonic_mustcode/quantum/quantum.o
                0x00000000000008e6                backlight_init_ports
 .text.matrix_init_quantum
                0x0000000000000906        0x8 .build/obj_preonic_mustcode/quantum/quantum.o
                0x0000000000000906                matrix_init_quantum
 .text.backlight_set
                0x000000000000090e       0x52 .build/obj_preonic_mustcode/quantum/quantum.o
                0x000000000000090e                backlight_set
 .text.led_set_user
                0x0000000000000960        0x2 .build/obj_preonic_mustcode/quantum/quantum.o
                0x0000000000000960                led_set_user
 .text.led_set_kb
                0x0000000000000962        0x4 .build/obj_preonic_mustcode/quantum/quantum.o
                0x0000000000000962                led_set_kb
 .text.led_set  0x0000000000000966        0x4 .build/obj_preonic_mustcode/quantum/quantum.o
                0x0000000000000966                led_set
 .text.reset_keyboard
                0x000000000000096a       0x22 .build/obj_preonic_mustcode/quantum/quantum.o
                0x000000000000096a                reset_keyboard
 .text.process_record_quantum
                0x000000000000098c      0x23a .build/obj_preonic_mustcode/quantum/quantum.o
                0x000000000000098c                process_record_quantum
 .text.action_get_macro
                0x0000000000000bc6        0x6 .build/obj_preonic_mustcode/quantum/keymap_common.o
                0x0000000000000bc6                action_get_macro
 .text.action_function
                0x0000000000000bcc        0x2 .build/obj_preonic_mustcode/quantum/keymap_common.o
                0x0000000000000bcc                action_function
 .text.keymap_key_to_keycode
                0x0000000000000bce       0x24 .build/obj_preonic_mustcode/quantum/keymap_common.o
                0x0000000000000bce                keymap_key_to_keycode
 .text.keymap_function_id_to_action
                0x0000000000000bf2       0x10 .build/obj_preonic_mustcode/quantum/keymap_common.o
                0x0000000000000bf2                keymap_function_id_to_action
 .text.action_for_key
                0x0000000000000c02      0x372 .build/obj_preonic_mustcode/quantum/keymap_common.o
                0x0000000000000c02                action_for_key
 .text.keycode_config
                0x0000000000000f74       0xfa .build/obj_preonic_mustcode/quantum/keycode_config.o
                0x0000000000000f74                keycode_config
 .text.leader_start
                0x000000000000106e        0x2 .build/obj_preonic_mustcode/quantum/process_keycode/process_leader.o
                0x000000000000106e                leader_start
 .text.process_leader
                0x0000000000001070       0x9e .build/obj_preonic_mustcode/quantum/process_keycode/process_leader.o
                0x0000000000001070                process_leader
 .text.matrix_scan_user
                0x000000000000110e        0x2 .build/obj_preonic_mustcode/quantum/matrix.o
                0x000000000000110e                matrix_scan_user
 .text.matrix_scan_kb
                0x0000000000001110        0x4 .build/obj_preonic_mustcode/quantum/matrix.o
                0x0000000000001110                matrix_scan_kb
 .text.matrix_init
                0x0000000000001114       0x9c .build/obj_preonic_mustcode/quantum/matrix.o
                0x0000000000001114                matrix_init
 .text.matrix_scan
                0x00000000000011b0      0x168 .build/obj_preonic_mustcode/quantum/matrix.o
                0x00000000000011b0                matrix_scan
 .text.matrix_get_row
                0x0000000000001318       0x12 .build/obj_preonic_mustcode/quantum/matrix.o
                0x0000000000001318                matrix_get_row
 .text.matrix_print
                0x000000000000132a        0x2 .build/obj_preonic_mustcode/quantum/matrix.o
                0x000000000000132a                matrix_print
 .text.process_audio
                0x000000000000132c       0x72 .build/obj_preonic_mustcode/quantum/process_keycode/process_audio.o
                0x000000000000132c                process_audio
 .text.process_audio_noteon
                0x000000000000139e       0x44 .build/obj_preonic_mustcode/quantum/process_keycode/process_audio.o
                0x000000000000139e                process_audio_noteon
 .text.process_audio_noteoff
                0x00000000000013e2       0x40 .build/obj_preonic_mustcode/quantum/process_keycode/process_audio.o
                0x00000000000013e2                process_audio_noteoff
 .text.process_audio_all_notes_off
                0x0000000000001422        0x4 .build/obj_preonic_mustcode/quantum/process_keycode/process_audio.o
                0x0000000000001422                process_audio_all_notes_off
 .text.audio_on_user
                0x0000000000001426        0x2 .build/obj_preonic_mustcode/quantum/process_keycode/process_audio.o
                0x0000000000001426                audio_on_user
 .text.audio_init
                0x0000000000001428       0x34 .build/obj_preonic_mustcode/quantum/audio/audio.o
                0x0000000000001428                audio_init
 .text.stop_all_notes
                0x000000000000145c       0x66 .build/obj_preonic_mustcode/quantum/audio/audio.o
                0x000000000000145c                stop_all_notes
 .text.stop_note
                0x00000000000014c2      0x134 .build/obj_preonic_mustcode/quantum/audio/audio.o
                0x00000000000014c2                stop_note
 .text.__vector_32
                0x00000000000015f6      0x65c .build/obj_preonic_mustcode/quantum/audio/audio.o
                0x00000000000015f6                __vector_32
 .text.play_note
                0x0000000000001c52       0xc0 .build/obj_preonic_mustcode/quantum/audio/audio.o
                0x0000000000001c52                play_note
 .text.play_notes
                0x0000000000001d12      0x126 .build/obj_preonic_mustcode/quantum/audio/audio.o
                0x0000000000001d12                play_notes
 .text.is_audio_on
                0x0000000000001e38        0x8 .build/obj_preonic_mustcode/quantum/audio/audio.o
                0x0000000000001e38                is_audio_on
 .text.audio_on
                0x0000000000001e40       0x12 .build/obj_preonic_mustcode/quantum/audio/audio.o
                0x0000000000001e40                audio_on
 .text.audio_off
                0x0000000000001e52        0xe .build/obj_preonic_mustcode/quantum/audio/audio.o
                0x0000000000001e52                audio_off
 .text.voice_iterate
                0x0000000000001e60       0x12 .build/obj_preonic_mustcode/quantum/audio/voices.o
                0x0000000000001e60                voice_iterate
 .text.voice_deiterate
                0x0000000000001e72       0x12 .build/obj_preonic_mustcode/quantum/audio/voices.o
                0x0000000000001e72                voice_deiterate
 .text.voice_envelope
                0x0000000000001e84      0x506 .build/obj_preonic_mustcode/quantum/audio/voices.o
                0x0000000000001e84                voice_envelope
 .text.process_midi_basic_noteon
                0x000000000000238a        0xe .build/obj_preonic_mustcode/quantum/process_keycode/process_midi.o
                0x000000000000238a                process_midi_basic_noteon
 .text.process_midi_basic_noteoff
                0x0000000000002398        0xe .build/obj_preonic_mustcode/quantum/process_keycode/process_midi.o
                0x0000000000002398                process_midi_basic_noteoff
 .text.process_midi_all_notes_off
                0x00000000000023a6        0xe .build/obj_preonic_mustcode/quantum/process_keycode/process_midi.o
                0x00000000000023a6                process_midi_all_notes_off
 .text.music_all_notes_off
                0x00000000000023b4        0x8 .build/obj_preonic_mustcode/quantum/process_keycode/process_music.o
                0x00000000000023b4                music_all_notes_off
 .text.music_off
                0x00000000000023bc        0x8 .build/obj_preonic_mustcode/quantum/process_keycode/process_music.o
                0x00000000000023bc                music_off
 .text.matrix_scan_music
                0x00000000000023c4       0x96 .build/obj_preonic_mustcode/quantum/process_keycode/process_music.o
                0x00000000000023c4                matrix_scan_music
 .text.music_on
                0x000000000000245a        0xa .build/obj_preonic_mustcode/quantum/process_keycode/process_music.o
                0x000000000000245a                music_on
 .text.process_music
                0x0000000000002464      0x17c .build/obj_preonic_mustcode/quantum/process_keycode/process_music.o
                0x0000000000002464                process_music
 .text.host_set_driver
                0x00000000000025e0        0xa .build/obj_preonic_mustcode/common/host.o
                0x00000000000025e0                host_set_driver
 .text.host_keyboard_leds
                0x00000000000025ea       0x18 .build/obj_preonic_mustcode/common/host.o
                0x00000000000025ea                host_keyboard_leds
 .text.host_keyboard_send
                0x0000000000002602       0x16 .build/obj_preonic_mustcode/common/host.o
                0x0000000000002602                host_keyboard_send
 .text.host_system_send
                0x0000000000002618       0x2c .build/obj_preonic_mustcode/common/host.o
                0x0000000000002618                host_system_send
 .text.host_consumer_send
                0x0000000000002644       0x2c .build/obj_preonic_mustcode/common/host.o
                0x0000000000002644                host_consumer_send
 .text.matrix_setup
                0x0000000000002670        0x2 .build/obj_preonic_mustcode/common/keyboard.o
                0x0000000000002670                matrix_setup
 .text.keyboard_setup
                0x0000000000002672        0x4 .build/obj_preonic_mustcode/common/keyboard.o
                0x0000000000002672                keyboard_setup
 .text.keyboard_init
                0x0000000000002676       0x10 .build/obj_preonic_mustcode/common/keyboard.o
                0x0000000000002676                keyboard_init
 .text.keyboard_task
                0x0000000000002686      0x16e .build/obj_preonic_mustcode/common/keyboard.o
                0x0000000000002686                keyboard_task
 .text.action_exec
                0x00000000000027f4       0x5c .build/obj_preonic_mustcode/common/action.o
                0x00000000000027f4                action_exec
 .text.register_code
                0x0000000000002850      0x190 .build/obj_preonic_mustcode/common/action.o
                0x0000000000002850                register_code
 .text.unregister_code
                0x00000000000029e0       0x9e .build/obj_preonic_mustcode/common/action.o
                0x00000000000029e0                unregister_code
 .text.register_mods
                0x0000000000002a7e        0xe .build/obj_preonic_mustcode/common/action.o
                0x0000000000002a7e                register_mods
 .text.unregister_mods
                0x0000000000002a8c        0xe .build/obj_preonic_mustcode/common/action.o
                0x0000000000002a8c                unregister_mods
 .text.process_action
                0x0000000000002a9a      0x4e2 .build/obj_preonic_mustcode/common/action.o
                0x0000000000002a9a                process_action
 .text.process_record
                0x0000000000002f7c       0x4e .build/obj_preonic_mustcode/common/action.o
                0x0000000000002f7c                process_record
 .text.clear_keyboard_but_mods
                0x0000000000002fca       0x20 .build/obj_preonic_mustcode/common/action.o
                0x0000000000002fca                clear_keyboard_but_mods
 .text.clear_keyboard
                0x0000000000002fea        0x8 .build/obj_preonic_mustcode/common/action.o
                0x0000000000002fea                clear_keyboard
 .text.is_tap_key
                0x0000000000002ff2       0x48 .build/obj_preonic_mustcode/common/action.o
                0x0000000000002ff2                is_tap_key
 .text.debug_event
                0x000000000000303a       0x1e .build/obj_preonic_mustcode/common/action.o
                0x000000000000303a                debug_event
 .text.debug_record
                0x0000000000003058       0x20 .build/obj_preonic_mustcode/common/action.o
                0x0000000000003058                debug_record
 .text.debug_waiting_buffer
                0x0000000000003078       0x42 .build/obj_preonic_mustcode/common/action_tapping.o
 .text.debug_tapping_key
                0x00000000000030ba       0x1c .build/obj_preonic_mustcode/common/action_tapping.o
 .text.waiting_buffer_scan_tap
                0x00000000000030d6       0xb6 .build/obj_preonic_mustcode/common/action_tapping.o
 .text.process_tapping
                0x000000000000318c      0x38e .build/obj_preonic_mustcode/common/action_tapping.o
 .text.action_tapping_process
                0x000000000000351a      0x148 .build/obj_preonic_mustcode/common/action_tapping.o
                0x000000000000351a                action_tapping_process
 .text.action_macro_play
                0x0000000000003662       0xfa .build/obj_preonic_mustcode/common/action_macro.o
                0x0000000000003662                action_macro_play
 .text.default_layer_state_set_kb
                0x000000000000375c        0x2 .build/obj_preonic_mustcode/common/action_layer.o
                0x000000000000375c                default_layer_state_set_kb
 .text.default_layer_state_set
                0x000000000000375e       0x18 .build/obj_preonic_mustcode/common/action_layer.o
 .text.default_layer_debug
                0x0000000000003776        0x2 .build/obj_preonic_mustcode/common/action_layer.o
                0x0000000000003776                default_layer_debug
 .text.default_layer_set
                0x0000000000003778        0x4 .build/obj_preonic_mustcode/common/action_layer.o
                0x0000000000003778                default_layer_set
 .text.default_layer_or
                0x000000000000377c       0x24 .build/obj_preonic_mustcode/common/action_layer.o
                0x000000000000377c                default_layer_or
 .text.default_layer_and
                0x00000000000037a0       0x24 .build/obj_preonic_mustcode/common/action_layer.o
                0x00000000000037a0                default_layer_and
 .text.default_layer_xor
                0x00000000000037c4       0x24 .build/obj_preonic_mustcode/common/action_layer.o
                0x00000000000037c4                default_layer_xor
 .text.layer_state_set_kb
                0x00000000000037e8        0x2 .build/obj_preonic_mustcode/common/action_layer.o
                0x00000000000037e8                layer_state_set_kb
 .text.layer_state_set
                0x00000000000037ea       0x18 .build/obj_preonic_mustcode/common/action_layer.o
 .text.layer_clear
                0x0000000000003802        0xa .build/obj_preonic_mustcode/common/action_layer.o
                0x0000000000003802                layer_clear
 .text.layer_move
                0x000000000000380c       0x2a .build/obj_preonic_mustcode/common/action_layer.o
                0x000000000000380c                layer_move
 .text.layer_on
                0x0000000000003836       0x42 .build/obj_preonic_mustcode/common/action_layer.o
                0x0000000000003836                layer_on
 .text.layer_off
                0x0000000000003878       0x4a .build/obj_preonic_mustcode/common/action_layer.o
                0x0000000000003878                layer_off
 .text.layer_invert
                0x00000000000038c2       0x42 .build/obj_preonic_mustcode/common/action_layer.o
                0x00000000000038c2                layer_invert
 .text.layer_or
                0x0000000000003904       0x24 .build/obj_preonic_mustcode/common/action_layer.o
                0x0000000000003904                layer_or
 .text.layer_and
                0x0000000000003928       0x24 .build/obj_preonic_mustcode/common/action_layer.o
                0x0000000000003928                layer_and
 .text.layer_xor
                0x000000000000394c       0x24 .build/obj_preonic_mustcode/common/action_layer.o
                0x000000000000394c                layer_xor
 .text.layer_debug
                0x0000000000003970        0x2 .build/obj_preonic_mustcode/common/action_layer.o
                0x0000000000003970                layer_debug
 .text.layer_switch_get_layer
                0x0000000000003972       0x7e .build/obj_preonic_mustcode/common/action_layer.o
                0x0000000000003972                layer_switch_get_layer
 .text.layer_switch_get_action
                0x00000000000039f0       0x16 .build/obj_preonic_mustcode/common/action_layer.o
                0x00000000000039f0                layer_switch_get_action
 .text.store_or_get_action
                0x0000000000003a06        0x8 .build/obj_preonic_mustcode/common/action_layer.o
                0x0000000000003a06                store_or_get_action
 .text.get_oneshot_layer
                0x0000000000003a0e        0xc .build/obj_preonic_mustcode/common/action_util.o
                0x0000000000003a0e                get_oneshot_layer
 .text.get_oneshot_layer_state
                0x0000000000003a1a        0x8 .build/obj_preonic_mustcode/common/action_util.o
                0x0000000000003a1a                get_oneshot_layer_state
 .text.set_oneshot_layer
                0x0000000000003a22       0x12 .build/obj_preonic_mustcode/common/action_util.o
                0x0000000000003a22                set_oneshot_layer
 .text.clear_oneshot_layer_state
                0x0000000000003a34       0x2e .build/obj_preonic_mustcode/common/action_util.o
                0x0000000000003a34                clear_oneshot_layer_state
 .text.is_oneshot_layer_active
                0x0000000000003a62        0xe .build/obj_preonic_mustcode/common/action_util.o
                0x0000000000003a62                is_oneshot_layer_active
 .text.add_key  0x0000000000003a70       0x3a .build/obj_preonic_mustcode/common/action_util.o
                0x0000000000003a70                add_key
 .text.del_key  0x0000000000003aaa       0x22 .build/obj_preonic_mustcode/common/action_util.o
                0x0000000000003aaa                del_key
 .text.clear_keys
                0x0000000000003acc       0x1c .build/obj_preonic_mustcode/common/action_util.o
                0x0000000000003acc                clear_keys
 .text.add_mods
                0x0000000000003ae8        0xc .build/obj_preonic_mustcode/common/action_util.o
                0x0000000000003ae8                add_mods
 .text.del_mods
                0x0000000000003af4        0xe .build/obj_preonic_mustcode/common/action_util.o
                0x0000000000003af4                del_mods
 .text.clear_mods
                0x0000000000003b02        0x6 .build/obj_preonic_mustcode/common/action_util.o
                0x0000000000003b02                clear_mods
 .text.add_weak_mods
                0x0000000000003b08        0xc .build/obj_preonic_mustcode/common/action_util.o
                0x0000000000003b08                add_weak_mods
 .text.del_weak_mods
                0x0000000000003b14        0xe .build/obj_preonic_mustcode/common/action_util.o
                0x0000000000003b14                del_weak_mods
 .text.clear_weak_mods
                0x0000000000003b22        0x6 .build/obj_preonic_mustcode/common/action_util.o
                0x0000000000003b22                clear_weak_mods
 .text.add_macro_mods
                0x0000000000003b28        0xc .build/obj_preonic_mustcode/common/action_util.o
                0x0000000000003b28                add_macro_mods
 .text.del_macro_mods
                0x0000000000003b34        0xe .build/obj_preonic_mustcode/common/action_util.o
                0x0000000000003b34                del_macro_mods
 .text.clear_macro_mods
                0x0000000000003b42        0x6 .build/obj_preonic_mustcode/common/action_util.o
                0x0000000000003b42                clear_macro_mods
 .text.set_oneshot_mods
                0x0000000000003b48        0x6 .build/obj_preonic_mustcode/common/action_util.o
                0x0000000000003b48                set_oneshot_mods
 .text.clear_oneshot_mods
                0x0000000000003b4e        0x6 .build/obj_preonic_mustcode/common/action_util.o
                0x0000000000003b4e                clear_oneshot_mods
 .text.has_anykey
                0x0000000000003b54       0x22 .build/obj_preonic_mustcode/common/action_util.o
                0x0000000000003b54                has_anykey
 .text.send_keyboard_report
                0x0000000000003b76       0x5e .build/obj_preonic_mustcode/common/action_util.o
                0x0000000000003b76                send_keyboard_report
 .text.eeconfig_init
                0x0000000000003bd4       0x48 .build/obj_preonic_mustcode/common/eeconfig.o
                0x0000000000003bd4                eeconfig_init
 .text.eeconfig_is_enabled
                0x0000000000003c1c       0x16 .build/obj_preonic_mustcode/common/eeconfig.o
                0x0000000000003c1c                eeconfig_is_enabled
 .text.eeconfig_read_debug
                0x0000000000003c32        0x8 .build/obj_preonic_mustcode/common/eeconfig.o
                0x0000000000003c32                eeconfig_read_debug
 .text.eeconfig_read_default_layer
                0x0000000000003c3a        0x8 .build/obj_preonic_mustcode/common/eeconfig.o
                0x0000000000003c3a                eeconfig_read_default_layer
 .text.eeconfig_update_default_layer
                0x0000000000003c42        0xa .build/obj_preonic_mustcode/common/eeconfig.o
                0x0000000000003c42                eeconfig_update_default_layer
 .text.eeconfig_read_keymap
                0x0000000000003c4c        0x8 .build/obj_preonic_mustcode/common/eeconfig.o
                0x0000000000003c4c                eeconfig_read_keymap
 .text.eeconfig_update_keymap
                0x0000000000003c54        0xa .build/obj_preonic_mustcode/common/eeconfig.o
                0x0000000000003c54                eeconfig_update_keymap
 .text.eeconfig_read_backlight
                0x0000000000003c5e        0x8 .build/obj_preonic_mustcode/common/eeconfig.o
                0x0000000000003c5e                eeconfig_read_backlight
 .text.eeconfig_update_backlight
                0x0000000000003c66        0xa .build/obj_preonic_mustcode/common/eeconfig.o
                0x0000000000003c66                eeconfig_update_backlight
 .text.eeconfig_read_audio
                0x0000000000003c70        0x8 .build/obj_preonic_mustcode/common/eeconfig.o
                0x0000000000003c70                eeconfig_read_audio
 .text.eeconfig_update_audio
                0x0000000000003c78        0xa .build/obj_preonic_mustcode/common/eeconfig.o
                0x0000000000003c78                eeconfig_update_audio
 .text.suspend_power_down
                0x0000000000003c82       0x5e .build/obj_preonic_mustcode/common/avr/suspend.o
                0x0000000000003c82                suspend_power_down
 .text.matrix_power_up
                0x0000000000003ce0        0x2 .build/obj_preonic_mustcode/common/avr/suspend.o
                0x0000000000003ce0                matrix_power_up
 .text.matrix_power_down
                0x0000000000003ce2        0x2 .build/obj_preonic_mustcode/common/avr/suspend.o
                0x0000000000003ce2                matrix_power_down
 .text.suspend_wakeup_condition
                0x0000000000003ce4       0x2a .build/obj_preonic_mustcode/common/avr/suspend.o
                0x0000000000003ce4                suspend_wakeup_condition
 .text.suspend_wakeup_init
                0x0000000000003d0e       0x10 .build/obj_preonic_mustcode/common/avr/suspend.o
                0x0000000000003d0e                suspend_wakeup_init
 .text.__vector_12
                0x0000000000003d1e       0x52 .build/obj_preonic_mustcode/common/avr/suspend.o
                0x0000000000003d1e                __vector_12
 .text.timer_init
                0x0000000000003d70       0x12 .build/obj_preonic_mustcode/common/avr/timer.o
                0x0000000000003d70                timer_init
 .text.timer_read
                0x0000000000003d82       0x18 .build/obj_preonic_mustcode/common/avr/timer.o
                0x0000000000003d82                timer_read
 .text.timer_elapsed
                0x0000000000003d9a       0x54 .build/obj_preonic_mustcode/common/avr/timer.o
                0x0000000000003d9a                timer_elapsed
 .text.__vector_21
                0x0000000000003dee       0x4c .build/obj_preonic_mustcode/common/avr/timer.o
                0x0000000000003dee                __vector_21
 .text.bootloader_jump
                0x0000000000003e3a       0x44 .build/obj_preonic_mustcode/common/avr/bootloader.o
                0x0000000000003e3a                bootloader_jump
 .text.magic    0x0000000000003e7e       0x32 .build/obj_preonic_mustcode/common/magic.o
                0x0000000000003e7e                magic
 .text.backlight_init
                0x0000000000003eb0       0x22 .build/obj_preonic_mustcode/common/backlight.o
                0x0000000000003eb0                backlight_init
 .text.backlight_increase
                0x0000000000003ed2       0x3a .build/obj_preonic_mustcode/common/backlight.o
                0x0000000000003ed2                backlight_increase
 .text.backlight_decrease
                0x0000000000003f0c       0x38 .build/obj_preonic_mustcode/common/backlight.o
                0x0000000000003f0c                backlight_decrease
 .text.backlight_toggle
                0x0000000000003f44       0x26 .build/obj_preonic_mustcode/common/backlight.o
                0x0000000000003f44                backlight_toggle
 .text.backlight_step
                0x0000000000003f6a       0x46 .build/obj_preonic_mustcode/common/backlight.o
                0x0000000000003f6a                backlight_step
 .text.backlight_level
                0x0000000000003fb0       0x3a .build/obj_preonic_mustcode/common/backlight.o
                0x0000000000003fb0                backlight_level
 .text.midi_is_statusbyte
                0x0000000000003fea        0x8 .build/obj_preonic_mustcode/midi.o
                0x0000000000003fea                midi_is_statusbyte
 .text.midi_is_realtime
                0x0000000000003ff2        0xc .build/obj_preonic_mustcode/midi.o
                0x0000000000003ff2                midi_is_realtime
 .text.midi_packet_length
                0x0000000000003ffe       0x4c .build/obj_preonic_mustcode/midi.o
                0x0000000000003ffe                midi_packet_length
 .text.midi_send_cc
                0x000000000000404a       0x20 .build/obj_preonic_mustcode/midi.o
                0x000000000000404a                midi_send_cc
 .text.midi_send_noteon
                0x000000000000406a       0x20 .build/obj_preonic_mustcode/midi.o
                0x000000000000406a                midi_send_noteon
 .text.midi_send_noteoff
                0x000000000000408a       0x20 .build/obj_preonic_mustcode/midi.o
                0x000000000000408a                midi_send_noteoff
 .text.midi_register_cc_callback
                0x00000000000040aa        0x8 .build/obj_preonic_mustcode/midi.o
                0x00000000000040aa                midi_register_cc_callback
 .text.midi_register_sysex_callback
                0x00000000000040b2        0x8 .build/obj_preonic_mustcode/midi.o
                0x00000000000040b2                midi_register_sysex_callback
 .text.midi_register_fallthrough_callback
                0x00000000000040ba        0x8 .build/obj_preonic_mustcode/midi.o
                0x00000000000040ba                midi_register_fallthrough_callback
 .text.midi_device_init
                0x00000000000040c2       0x62 .build/obj_preonic_mustcode/midi_device.o
                0x00000000000040c2                midi_device_init
 .text.midi_device_input
                0x0000000000004124       0x38 .build/obj_preonic_mustcode/midi_device.o
                0x0000000000004124                midi_device_input
 .text.midi_device_set_send_func
                0x000000000000415c        0x8 .build/obj_preonic_mustcode/midi_device.o
                0x000000000000415c                midi_device_set_send_func
 .text.midi_device_set_pre_input_process_func
                0x0000000000004164        0x8 .build/obj_preonic_mustcode/midi_device.o
                0x0000000000004164                midi_device_set_pre_input_process_func
 .text.midi_input_callbacks
                0x000000000000416c      0x210 .build/obj_preonic_mustcode/midi_device.o
                0x000000000000416c                midi_input_callbacks
 .text.midi_process_byte
                0x000000000000437c      0x11e .build/obj_preonic_mustcode/midi_device.o
                0x000000000000437c                midi_process_byte
 .text.midi_device_process
                0x000000000000449a       0x6a .build/obj_preonic_mustcode/midi_device.o
                0x000000000000449a                midi_device_process
 .text.bytequeue_init
                0x0000000000004504        0xe .build/obj_preonic_mustcode/bytequeue/bytequeue.o
                0x0000000000004504                bytequeue_init
 .text.bytequeue_enqueue
                0x0000000000004512       0x64 .build/obj_preonic_mustcode/bytequeue/bytequeue.o
                0x0000000000004512                bytequeue_enqueue
 .text.bytequeue_length
                0x0000000000004576       0x2c .build/obj_preonic_mustcode/bytequeue/bytequeue.o
                0x0000000000004576                bytequeue_length
 .text.bytequeue_get
                0x00000000000045a2       0x24 .build/obj_preonic_mustcode/bytequeue/bytequeue.o
                0x00000000000045a2                bytequeue_get
 .text.bytequeue_remove
                0x00000000000045c6       0x44 .build/obj_preonic_mustcode/bytequeue/bytequeue.o
                0x00000000000045c6                bytequeue_remove
 .text.store_and_clear_interrupt
                0x000000000000460a        0x6 .build/obj_preonic_mustcode/bytequeue/interrupt_setting.o
                0x000000000000460a                store_and_clear_interrupt
 .text.restore_interrupt_setting
                0x0000000000004610        0x4 .build/obj_preonic_mustcode/bytequeue/interrupt_setting.o
                0x0000000000004610                restore_interrupt_setting
 .text.MIDI_Device_SendEventPacket
                0x0000000000004614       0x46 .build/obj_preonic_mustcode/protocol/lufa/LUFA-git/LUFA/Drivers/USB/Class/Device/MIDIClassDevice.o
                0x0000000000004614                MIDI_Device_SendEventPacket
 .text.MIDI_Device_Flush
                0x000000000000465a       0x38 .build/obj_preonic_mustcode/protocol/lufa/LUFA-git/LUFA/Drivers/USB/Class/Device/MIDIClassDevice.o
                0x000000000000465a                MIDI_Device_Flush
 .text.MIDI_Device_USBTask
                0x0000000000004692       0x22 .build/obj_preonic_mustcode/protocol/lufa/LUFA-git/LUFA/Drivers/USB/Class/Device/MIDIClassDevice.o
                0x0000000000004692                MIDI_Device_USBTask
 .text.MIDI_Device_ReceiveEventPacket
                0x00000000000046b4       0x4a .build/obj_preonic_mustcode/protocol/lufa/LUFA-git/LUFA/Drivers/USB/Class/Device/MIDIClassDevice.o
                0x00000000000046b4                MIDI_Device_ReceiveEventPacket
 .text.keyboard_leds
                0x00000000000046fe        0x6 .build/obj_preonic_mustcode/lufa.o
 .text.send_mouse
                0x0000000000004704        0x2 .build/obj_preonic_mustcode/lufa.o
 .text.cc_callback
                0x0000000000004706        0x2 .build/obj_preonic_mustcode/lufa.o
                0x0000000000004706                cc_callback
 .text.sysex_callback
                0x0000000000004708        0x2 .build/obj_preonic_mustcode/lufa.o
                0x0000000000004708                sysex_callback
 .text.midi_usb_init
                0x000000000000470a       0x26 .build/obj_preonic_mustcode/lufa.o
 .text.usb_get_midi
                0x0000000000004730       0x90 .build/obj_preonic_mustcode/lufa.o
 .text.usb_send_func
                0x00000000000047c0       0xa4 .build/obj_preonic_mustcode/lufa.o
 .text.send_consumer
                0x0000000000004864       0x76 .build/obj_preonic_mustcode/lufa.o
 .text.send_system
                0x00000000000048da       0x6a .build/obj_preonic_mustcode/lufa.o
 .text.send_keyboard
                0x0000000000004944       0x66 .build/obj_preonic_mustcode/lufa.o
 .text.fallthrough_callback
                0x00000000000049aa       0xb6 .build/obj_preonic_mustcode/lufa.o
                0x00000000000049aa                fallthrough_callback
 .text.EVENT_USB_Device_Connect
                0x0000000000004a60       0x1c .build/obj_preonic_mustcode/lufa.o
                0x0000000000004a60                EVENT_USB_Device_Connect
 .text.EVENT_USB_Device_Disconnect
                0x0000000000004a7c        0x6 .build/obj_preonic_mustcode/lufa.o
                0x0000000000004a7c                EVENT_USB_Device_Disconnect
 .text.EVENT_USB_Device_Reset
                0x0000000000004a82        0x2 .build/obj_preonic_mustcode/lufa.o
                0x0000000000004a82                EVENT_USB_Device_Reset
 .text.EVENT_USB_Device_Suspend
                0x0000000000004a84        0x2 .build/obj_preonic_mustcode/lufa.o
                0x0000000000004a84                EVENT_USB_Device_Suspend
 .text.EVENT_USB_Device_WakeUp
                0x0000000000004a86        0x4 .build/obj_preonic_mustcode/lufa.o
                0x0000000000004a86                EVENT_USB_Device_WakeUp
 .text.EVENT_USB_Device_ConfigurationChanged
                0x0000000000004a8a       0x28 .build/obj_preonic_mustcode/lufa.o
                0x0000000000004a8a                EVENT_USB_Device_ConfigurationChanged
 .text.EVENT_USB_Device_ControlRequest
                0x0000000000004ab2      0x160 .build/obj_preonic_mustcode/lufa.o
                0x0000000000004ab2                EVENT_USB_Device_ControlRequest
 .text.setup_midi
                0x0000000000004c12       0x20 .build/obj_preonic_mustcode/lufa.o
                0x0000000000004c12                setup_midi
 .text.startup.main
                0x0000000000004c32       0xa6 .build/obj_preonic_mustcode/lufa.o
                0x0000000000004c32                main
 .text.CALLBACK_USB_GetDescriptor
                0x0000000000004cd8       0xae .build/obj_preonic_mustcode/descriptor.o
                0x0000000000004cd8                CALLBACK_USB_GetDescriptor
 .text.set_output_user
                0x0000000000004d86        0x2 .build/obj_preonic_mustcode/outputselect.o
                0x0000000000004d86                set_output_user
 .text.set_output
                0x0000000000004d88       0x10 .build/obj_preonic_mustcode/outputselect.o
                0x0000000000004d88                set_output
 .text.auto_detect_output
                0x0000000000004d98       0x10 .build/obj_preonic_mustcode/outputselect.o
                0x0000000000004d98                auto_detect_output
 .text.where_to_send
                0x0000000000004da8        0xe .build/obj_preonic_mustcode/outputselect.o
                0x0000000000004da8                where_to_send
 .text.USB_Device_SendRemoteWakeup
                0x0000000000004db6       0x2c .build/obj_preonic_mustcode/protocol/lufa/LUFA-git/LUFA/Drivers/USB/Core/AVR8/Device_AVR8.o
                0x0000000000004db6                USB_Device_SendRemoteWakeup
 .text.Endpoint_Write_Stream_LE
                0x0000000000004de2       0x96 .build/obj_preonic_mustcode/protocol/lufa/LUFA-git/LUFA/Drivers/USB/Core/AVR8/EndpointStream_AVR8.o
                0x0000000000004de2                Endpoint_Write_Stream_LE
 .text.Endpoint_Read_Stream_LE
                0x0000000000004e78       0x96 .build/obj_preonic_mustcode/protocol/lufa/LUFA-git/LUFA/Drivers/USB/Core/AVR8/EndpointStream_AVR8.o
                0x0000000000004e78                Endpoint_Read_Stream_LE
 .text.Endpoint_Write_Control_Stream_LE
                0x0000000000004f0e       0xc6 .build/obj_preonic_mustcode/protocol/lufa/LUFA-git/LUFA/Drivers/USB/Core/AVR8/EndpointStream_AVR8.o
                0x0000000000004f0e                Endpoint_Write_Control_Stream_LE
 .text.Endpoint_Write_Control_PStream_LE
                0x0000000000004fd4       0xc2 .build/obj_preonic_mustcode/protocol/lufa/LUFA-git/LUFA/Drivers/USB/Core/AVR8/EndpointStream_AVR8.o
                0x0000000000004fd4                Endpoint_Write_Control_PStream_LE
 .text.Endpoint_ConfigureEndpoint_Prv
                0x0000000000005096       0x6a .build/obj_preonic_mustcode/protocol/lufa/LUFA-git/LUFA/Drivers/USB/Core/AVR8/Endpoint_AVR8.o
                0x0000000000005096                Endpoint_ConfigureEndpoint_Prv
 .text.Endpoint_ClearStatusStage
                0x0000000000005100       0x3e .build/obj_preonic_mustcode/protocol/lufa/LUFA-git/LUFA/Drivers/USB/Core/AVR8/Endpoint_AVR8.o
                0x0000000000005100                Endpoint_ClearStatusStage
 .text.Endpoint_WaitUntilReady
                0x000000000000513e       0x64 .build/obj_preonic_mustcode/protocol/lufa/LUFA-git/LUFA/Drivers/USB/Core/AVR8/Endpoint_AVR8.o
                0x000000000000513e                Endpoint_WaitUntilReady
 .text.USB_Disable
                0x00000000000051a2       0x34 .build/obj_preonic_mustcode/protocol/lufa/LUFA-git/LUFA/Drivers/USB/Core/AVR8/USBController_AVR8.o
                0x00000000000051a2                USB_Disable
 .text.USB_ResetInterface
                0x00000000000051d6       0x86 .build/obj_preonic_mustcode/protocol/lufa/LUFA-git/LUFA/Drivers/USB/Core/AVR8/USBController_AVR8.o
                0x00000000000051d6                USB_ResetInterface
 .text.USB_Init
                0x000000000000525c       0x22 .build/obj_preonic_mustcode/protocol/lufa/LUFA-git/LUFA/Drivers/USB/Core/AVR8/USBController_AVR8.o
                0x000000000000525c                USB_Init
 .text.USB_INT_DisableAllInterrupts
                0x000000000000527e       0x10 .build/obj_preonic_mustcode/protocol/lufa/LUFA-git/LUFA/Drivers/USB/Core/AVR8/USBInterrupt_AVR8.o
                0x000000000000527e                USB_INT_DisableAllInterrupts
 .text.USB_INT_ClearAllInterrupts
                0x000000000000528e        0xa .build/obj_preonic_mustcode/protocol/lufa/LUFA-git/LUFA/Drivers/USB/Core/AVR8/USBInterrupt_AVR8.o
                0x000000000000528e                USB_INT_ClearAllInterrupts
 .text.__vector_10
                0x0000000000005298      0x1a4 .build/obj_preonic_mustcode/protocol/lufa/LUFA-git/LUFA/Drivers/USB/Core/AVR8/USBInterrupt_AVR8.o
                0x0000000000005298                __vector_10
 .text.__vector_11
                0x000000000000543c       0x88 .build/obj_preonic_mustcode/protocol/lufa/LUFA-git/LUFA/Drivers/USB/Core/AVR8/USBInterrupt_AVR8.o
                0x000000000000543c                __vector_11
 .text.USB_Device_ProcessControlRequest
                0x00000000000054c4      0x2a2 .build/obj_preonic_mustcode/protocol/lufa/LUFA-git/LUFA/Drivers/USB/Core/DeviceStandardReq.o
                0x00000000000054c4                USB_Device_ProcessControlRequest
 .text.USB_Event_Stub
                0x0000000000005766        0x2 .build/obj_preonic_mustcode/protocol/lufa/LUFA-git/LUFA/Drivers/USB/Core/Events.o
                0x0000000000005766                USB_Event_Stub
                0x0000000000005766                EVENT_USB_Device_StartOfFrame
 .text.USB_USBTask
                0x0000000000005768       0x36 .build/obj_preonic_mustcode/protocol/lufa/LUFA-git/LUFA/Drivers/USB/Core/USBTask.o
                0x0000000000005768                USB_USBTask
 .text.avr-libc.fplib
                0x000000000000579e        0xe /usr/lib/gcc/avr/4.9.2/../../../avr/lib/avr5/libm.a(addsf3.o)
                0x000000000000579e                __subsf3
                0x00000000000057a0                __addsf3
 .text.avr-libc.fplib
                0x00000000000057ac       0xcc /usr/lib/gcc/avr/4.9.2/../../../avr/lib/avr5/libm.a(addsf3x.o)
                0x00000000000057ce                __addsf3x
 .text.avr-libc.fplib
                0x0000000000005878        0xa /usr/lib/gcc/avr/4.9.2/../../../avr/lib/avr5/libm.a(cmpsf2.o)
                0x0000000000005878                __lesf2
                0x0000000000005878                __nesf2
                0x0000000000005878                __eqsf2
                0x0000000000005878                __cmpsf2
                0x0000000000005878                __ltsf2
 .text.avr-libc.fplib
                0x0000000000005882        0x8 /usr/lib/gcc/avr/4.9.2/../../../avr/lib/avr5/libm.a(divsf3.o)
                0x0000000000005882                __divsf3
 .text.avr-libc.fplib
                0x000000000000588a       0xdc /usr/lib/gcc/avr/4.9.2/../../../avr/lib/avr5/libm.a(divsf3x.o)
                0x00000000000058aa                __divsf3x
                0x00000000000058b0                __divsf3_pse
 .text.avr-libc.fplib
                0x0000000000005966        0xe /usr/lib/gcc/avr/4.9.2/../../../avr/lib/avr5/libm.a(fixsfsi.o)
                0x0000000000005966                __fixsfsi
 .text.avr-libc.fplib
                0x0000000000005974       0x5e /usr/lib/gcc/avr/4.9.2/../../../avr/lib/avr5/libm.a(fixunssfsi.o)
                0x0000000000005974                __fixunssfsi
 .text.avr-libc.fplib
                0x00000000000059d2       0x7a /usr/lib/gcc/avr/4.9.2/../../../avr/lib/avr5/libm.a(floatsisf.o)
                0x00000000000059d2                __floatunsisf
                0x00000000000059d6                __floatsisf
 .text.avr-libc.fplib
                0x0000000000005a4c       0xa8 /usr/lib/gcc/avr/4.9.2/../../../avr/lib/avr5/libm.a(fmod.o)
                0x0000000000005a62                fmod
 .text.avr-libc.fplib
                0x0000000000005af4       0x48 /usr/lib/gcc/avr/4.9.2/../../../avr/lib/avr5/libm.a(fp_cmp.o)
                0x0000000000005af4                __fp_cmp
 .text.avr-libc.fplib
                0x0000000000005b3c        0xc /usr/lib/gcc/avr/4.9.2/../../../avr/lib/avr5/libm.a(fp_inf.o)
                0x0000000000005b3c                __fp_inf
 .text.avr-libc.fplib
                0x0000000000005b48       0x1c /usr/lib/gcc/avr/4.9.2/../../../avr/lib/avr5/libm.a(fp_mpack.o)
                0x0000000000005b48                __fp_mpack
                0x0000000000005b4c                __fp_mpack_finite
 .text.avr-libc.fplib
                0x0000000000005b64        0x6 /usr/lib/gcc/avr/4.9.2/../../../avr/lib/avr5/libm.a(fp_nan.o)
                0x0000000000005b64                __fp_nan
 .text.avr-libc.fplib
                0x0000000000005b6a        0xe /usr/lib/gcc/avr/4.9.2/../../../avr/lib/avr5/libm.a(fp_pscA.o)
                0x0000000000005b6a                __fp_pscA
 .text.avr-libc.fplib
                0x0000000000005b78        0xe /usr/lib/gcc/avr/4.9.2/../../../avr/lib/avr5/libm.a(fp_pscB.o)
                0x0000000000005b78                __fp_pscB
 .text.avr-libc.fplib
                0x0000000000005b86       0x22 /usr/lib/gcc/avr/4.9.2/../../../avr/lib/avr5/libm.a(fp_round.o)
                0x0000000000005b86                __fp_round
 .text.avr-libc.fplib
                0x0000000000005ba8       0x44 /usr/lib/gcc/avr/4.9.2/../../../avr/lib/avr5/libm.a(fp_split3.o)
                0x0000000000005ba8                __fp_split3
                0x0000000000005bb8                __fp_splitA
 .text.avr-libc.fplib
                0x0000000000005bec        0xe /usr/lib/gcc/avr/4.9.2/../../../avr/lib/avr5/libm.a(fp_zero.o)
                0x0000000000005bec                __fp_zero
                0x0000000000005bee                __fp_szero
 .text.avr-libc.fplib
                0x0000000000005bfa        0xa /usr/lib/gcc/avr/4.9.2/../../../avr/lib/avr5/libm.a(gesf2.o)
                0x0000000000005bfa                __gtsf2
                0x0000000000005bfa                __gesf2
 .text.avr-libc.fplib
                0x0000000000005c04        0x8 /usr/lib/gcc/avr/4.9.2/../../../avr/lib/avr5/libm.a(mulsf3.o)
                0x0000000000005c04                __mulsf3
 .text.avr-libc.fplib
                0x0000000000005c0c       0xd2 /usr/lib/gcc/avr/4.9.2/../../../avr/lib/avr5/libm.a(mulsf3x.o)
                0x0000000000005c2a                __mulsf3x
                0x0000000000005c30                __mulsf3_pse
 .text.avr-libc.fplib
                0x0000000000005cde       0xa0 /usr/lib/gcc/avr/4.9.2/../../../avr/lib/avr5/libm.a(pow.o)
                0x0000000000005cde                pow
 .text.avr-libc.fplib
                0x0000000000005d7e       0x74 /usr/lib/gcc/avr/4.9.2/../../../avr/lib/avr5/libm.a(exp.o)
                0x0000000000005d8e                exp
 .text.avr-libc.fplib
                0x0000000000005df2       0x4e /usr/lib/gcc/avr/4.9.2/../../../avr/lib/avr5/libm.a(fp_powser.o)
                0x0000000000005df2                __fp_powser
 .text.avr-libc.fplib
                0x0000000000005e40       0x10 /usr/lib/gcc/avr/4.9.2/../../../avr/lib/avr5/libm.a(inverse.o)
                0x0000000000005e40                inverse
 .text.avr-libc.fplib
                0x0000000000005e50       0x74 /usr/lib/gcc/avr/4.9.2/../../../avr/lib/avr5/libm.a(ldexp.o)
                0x0000000000005e58                ldexp
 .text.avr-libc.fplib
                0x0000000000005ec4       0xa0 /usr/lib/gcc/avr/4.9.2/../../../avr/lib/avr5/libm.a(log.o)
                0x0000000000005ed4                log
 .text.avr-libc.fplib
                0x0000000000005f64       0x68 /usr/lib/gcc/avr/4.9.2/../../../avr/lib/avr5/libm.a(modf.o)
                0x0000000000005f64                modff
                0x0000000000005f64                modf
 .text.libgcc.div
                0x0000000000005fcc       0x28 /usr/lib/gcc/avr/4.9.2/avr5/libgcc.a(_udivmodhi4.o)
                0x0000000000005fcc                __udivmodhi4
 .text.libgcc.div
                0x0000000000005ff4       0x28 /usr/lib/gcc/avr/4.9.2/avr5/libgcc.a(_divmodhi4.o)
                0x0000000000005ff4                __divmodhi4
                0x0000000000005ff4                _div
 .text.libgcc   0x000000000000601c        0xc /usr/lib/gcc/avr/4.9.2/avr5/libgcc.a(_tablejump2.o)
                0x000000000000601c                __tablejump2__
 .text.avr-libc
                0x0000000000006028       0xb8 /usr/lib/gcc/avr/4.9.2/../../../avr/lib/avr5/libc.a(rand.o)
                0x00000000000060ba                rand_r
                0x00000000000060c0                rand
                0x00000000000060ca                srand
 .text.avr-libc
                0x00000000000060e0       0x10 /usr/lib/gcc/avr/4.9.2/../../../avr/lib/avr5/libatmega32u4.a(eerd_byte.o)
                0x00000000000060e0                eeprom_read_byte
 .text.avr-libc
                0x00000000000060f0        0xc /usr/lib/gcc/avr/4.9.2/../../../avr/lib/avr5/libatmega32u4.a(eerd_word.o)
                0x00000000000060f0                eeprom_read_word
 .text.avr-libc
                0x00000000000060fc       0x24 /usr/lib/gcc/avr/4.9.2/../../../avr/lib/avr5/libatmega32u4.a(eeupd_byte.o)
                0x00000000000060fc                eeprom_update_byte
                0x00000000000060fe                eeprom_update_r18
 .text.avr-libc
                0x0000000000006120        0xc /usr/lib/gcc/avr/4.9.2/../../../avr/lib/avr5/libatmega32u4.a(eeupd_word.o)
                0x0000000000006120                eeprom_update_word
 .text.avr-libc
                0x000000000000612c       0x20 /usr/lib/gcc/avr/4.9.2/../../../avr/lib/avr5/libatmega32u4.a(eerd_block.o)
                0x000000000000612c                eeprom_read_block
                0x0000000000006130                eeprom_read_blraw
 .text.libgcc.div
                0x000000000000614c       0x2e /usr/lib/gcc/avr/4.9.2/avr5/libgcc.a(_divmodsi4.o)
                0x000000000000614c                __divmodsi4
 .text.libgcc.div
                0x000000000000617a       0x10 /usr/lib/gcc/avr/4.9.2/avr5/libgcc.a(_negsi2.o)
                0x000000000000617a                __negsi2
 .text.libgcc.mul
                0x000000000000618a       0x16 /usr/lib/gcc/avr/4.9.2/avr5/libgcc.a(_muluhisi3.o)
                0x000000000000618a                __muluhisi3
 .text.libgcc.mul
                0x00000000000061a0       0x10 /usr/lib/gcc/avr/4.9.2/avr5/libgcc.a(_mulshisi3.o)
                0x00000000000061a0                __mulshisi3
                0x00000000000061a6                __mulohisi3
 .text.libgcc.div
                0x00000000000061b0       0x44 /usr/lib/gcc/avr/4.9.2/avr5/libgcc.a(_udivmodsi4.o)
                0x00000000000061b0                __udivmodsi4
 .text.libgcc.mul
                0x00000000000061f4       0x1e /usr/lib/gcc/avr/4.9.2/avr5/libgcc.a(_umulhisi3.o)
                0x00000000000061f4                __umulhisi3
                0x0000000000006212                . = ALIGN (0x2)
 *(.fini9)
 .fini9         0x0000000000006212        0x0 /usr/lib/gcc/avr/4.9.2/avr5/libgcc.a(_exit.o)
                0x0000000000006212                exit
                0x0000000000006212                _exit
 *(.fini9)
 *(.fini8)
 *(.fini8)
 *(.fini7)
 *(.fini7)
 *(.fini6)
 *(.fini6)
 *(.fini5)
 *(.fini5)
 *(.fini4)
 *(.fini4)
 *(.fini3)
 *(.fini3)
 *(.fini2)
 *(.fini2)
 *(.fini1)
 *(.fini1)
 *(.fini0)
 .fini0         0x0000000000006212        0x4 /usr/lib/gcc/avr/4.9.2/avr5/libgcc.a(_exit.o)
 *(.fini0)
                0x0000000000006216                _etext = .

.data           0x0000000000800100      0x1a6 load address 0x0000000000006216
                0x0000000000800100                PROVIDE (__data_start, .)
 *(.data)
 .data          0x0000000000800100        0x4 /usr/lib/gcc/avr/4.9.2/../../../avr/lib/avr5/libc.a(rand.o)
 *(.data*)
 .data.music_scale
                0x0000000000800104       0x40 .build/obj_preonic_mustcode/keyboards/preonic/keymaps/mustcode/keymap.o
                0x0000000000800104                music_scale
 .data.tone_goodbye
                0x0000000000800144       0x18 .build/obj_preonic_mustcode/keyboards/preonic/keymaps/mustcode/keymap.o
                0x0000000000800144                tone_goodbye
 .data.tone_colemak
                0x000000000080015c       0x30 .build/obj_preonic_mustcode/keyboards/preonic/keymaps/mustcode/keymap.o
                0x000000000080015c                tone_colemak
 .data.tone_dvorak
                0x000000000080018c       0x40 .build/obj_preonic_mustcode/keyboards/preonic/keymaps/mustcode/keymap.o
                0x000000000080018c                tone_dvorak
 .data.tone_qwerty
                0x00000000008001cc       0x20 .build/obj_preonic_mustcode/keyboards/preonic/keymaps/mustcode/keymap.o
                0x00000000008001cc                tone_qwerty
 .data.tone_startup
                0x00000000008001ec       0x20 .build/obj_preonic_mustcode/keyboards/preonic/keymaps/mustcode/keymap.o
                0x00000000008001ec                tone_startup
 .data.glissando
                0x000000000080020c        0x1 .build/obj_preonic_mustcode/quantum/audio/audio.o
                0x000000000080020c                glissando
 .data.note_timbre
                0x000000000080020d        0x4 .build/obj_preonic_mustcode/quantum/audio/audio.o
                0x000000000080020d                note_timbre
 .data.note_tempo
                0x0000000000800211        0x1 .build/obj_preonic_mustcode/quantum/audio/audio.o
                0x0000000000800211                note_tempo
 .data.music_sequence_interval
                0x0000000000800212        0x2 .build/obj_preonic_mustcode/quantum/process_keycode/process_music.o
 .data.music_offset
                0x0000000000800214        0x2 .build/obj_preonic_mustcode/quantum/process_keycode/process_music.o
                0x0000000000800214                music_offset
 .data.music_starting_note
                0x0000000000800216        0x1 .build/obj_preonic_mustcode/quantum/process_keycode/process_music.o
                0x0000000000800216                music_starting_note
 .data.keyboard_report
                0x0000000000800217        0x2 .build/obj_preonic_mustcode/common/action_util.o
                0x0000000000800217                keyboard_report
 .data.USB_MIDI_Interface
                0x0000000000800219        0xc .build/obj_preonic_mustcode/lufa.o
                0x0000000000800219                USB_MIDI_Interface
 .data.lufa_driver
                0x0000000000800225       0x10 .build/obj_preonic_mustcode/lufa.o
                0x0000000000800225                lufa_driver
 .data.keyboard_protocol
                0x0000000000800235        0x1 .build/obj_preonic_mustcode/lufa.o
                0x0000000000800235                keyboard_protocol
 *(.rodata)
 *(.rodata*)
 .rodata.col_pins
                0x0000000000800236        0xc .build/obj_preonic_mustcode/quantum/matrix.o
 .rodata.row_pins
                0x0000000000800242        0x5 .build/obj_preonic_mustcode/quantum/matrix.o
 .rodata.vibrato_lut
                0x0000000000800247       0x50 .build/obj_preonic_mustcode/quantum/audio/luts.o
                0x0000000000800247                vibrato_lut
 .rodata.CSWTCH.11
                0x0000000000800297        0xf .build/obj_preonic_mustcode/midi.o
 *(.gnu.linkonce.d*)
                0x00000000008002a6                . = ALIGN (0x2)
                0x00000000008002a6                _edata = .
                0x00000000008002a6                PROVIDE (__data_end, .)

.bss            0x00000000008002a6      0x20f
                0x00000000008002a6                PROVIDE (__bss_start, .)
 *(.bss)
 *(.bss*)
 .bss.scs_timer
                0x00000000008002a6        0x4 .build/obj_preonic_mustcode/quantum/quantum.o
 .bss.shift_interrupted
                0x00000000008002aa        0x2 .build/obj_preonic_mustcode/quantum/quantum.o
 .bss.leader_sequence_size
                0x00000000008002ac        0x1 .build/obj_preonic_mustcode/quantum/process_keycode/process_leader.o
                0x00000000008002ac                leader_sequence_size
 .bss.leader_sequence
                0x00000000008002ad        0xa .build/obj_preonic_mustcode/quantum/process_keycode/process_leader.o
                0x00000000008002ad                leader_sequence
 .bss.leader_time
                0x00000000008002b7        0x2 .build/obj_preonic_mustcode/quantum/process_keycode/process_leader.o
                0x00000000008002b7                leader_time
 .bss.leading   0x00000000008002b9        0x1 .build/obj_preonic_mustcode/quantum/process_keycode/process_leader.o
                0x00000000008002b9                leading
 .bss.matrix_debouncing
                0x00000000008002ba        0xa .build/obj_preonic_mustcode/quantum/matrix.o
 .bss.matrix    0x00000000008002c4        0xa .build/obj_preonic_mustcode/quantum/matrix.o
 .bss.debouncing
                0x00000000008002ce        0x1 .build/obj_preonic_mustcode/quantum/matrix.o
 .bss.debouncing_time
                0x00000000008002cf        0x2 .build/obj_preonic_mustcode/quantum/matrix.o
 .bss.envelope_index
                0x00000000008002d1        0x2 .build/obj_preonic_mustcode/quantum/audio/audio.o
                0x00000000008002d1                envelope_index
 .bss.audio_initialized
                0x00000000008002d3        0x1 .build/obj_preonic_mustcode/quantum/audio/audio.o
 .bss.polyphony_rate
                0x00000000008002d4        0x4 .build/obj_preonic_mustcode/quantum/audio/audio.o
                0x00000000008002d4                polyphony_rate
 .bss.current_note
                0x00000000008002d8        0x1 .build/obj_preonic_mustcode/quantum/audio/audio.o
                0x00000000008002d8                current_note
 .bss.note_resting
                0x00000000008002d9        0x1 .build/obj_preonic_mustcode/quantum/audio/audio.o
                0x00000000008002d9                note_resting
 .bss.note_position
                0x00000000008002da        0x2 .build/obj_preonic_mustcode/quantum/audio/audio.o
                0x00000000008002da                note_position
 .bss.note_length
                0x00000000008002dc        0x4 .build/obj_preonic_mustcode/quantum/audio/audio.o
                0x00000000008002dc                note_length
 .bss.note_frequency
                0x00000000008002e0        0x4 .build/obj_preonic_mustcode/quantum/audio/audio.o
                0x00000000008002e0                note_frequency
 .bss.playing_note
                0x00000000008002e4        0x1 .build/obj_preonic_mustcode/quantum/audio/audio.o
                0x00000000008002e4                playing_note
 .bss.playing_notes
                0x00000000008002e5        0x1 .build/obj_preonic_mustcode/quantum/audio/audio.o
                0x00000000008002e5                playing_notes
 .bss.place     0x00000000008002e6        0x4 .build/obj_preonic_mustcode/quantum/audio/audio.o
                0x00000000008002e6                place
 .bss.volumes   0x00000000008002ea       0x10 .build/obj_preonic_mustcode/quantum/audio/audio.o
                0x00000000008002ea                volumes
 .bss.frequencies
                0x00000000008002fa       0x20 .build/obj_preonic_mustcode/quantum/audio/audio.o
                0x00000000008002fa                frequencies
 .bss.volume    0x000000000080031a        0x2 .build/obj_preonic_mustcode/quantum/audio/audio.o
                0x000000000080031a                volume
 .bss.frequency
                0x000000000080031c        0x4 .build/obj_preonic_mustcode/quantum/audio/audio.o
                0x000000000080031c                frequency
 .bss.voice_place
                0x0000000000800320        0x2 .build/obj_preonic_mustcode/quantum/audio/audio.o
                0x0000000000800320                voice_place
 .bss.voices    0x0000000000800322        0x2 .build/obj_preonic_mustcode/quantum/audio/audio.o
                0x0000000000800322                voices
 .bss.voice     0x0000000000800324        0x1 .build/obj_preonic_mustcode/quantum/audio/voices.o
                0x0000000000800324                voice
 .bss.music_sequence_timer
                0x0000000000800325        0x2 .build/obj_preonic_mustcode/quantum/process_keycode/process_music.o
 .bss.music_sequence_position
                0x0000000000800327        0x1 .build/obj_preonic_mustcode/quantum/process_keycode/process_music.o
 .bss.music_sequence_count
                0x0000000000800328        0x1 .build/obj_preonic_mustcode/quantum/process_keycode/process_music.o
 .bss.music_sequence
                0x0000000000800329       0x10 .build/obj_preonic_mustcode/quantum/process_keycode/process_music.o
 .bss.music_sequence_playing
                0x0000000000800339        0x1 .build/obj_preonic_mustcode/quantum/process_keycode/process_music.o
 .bss.music_sequence_recorded
                0x000000000080033a        0x1 .build/obj_preonic_mustcode/quantum/process_keycode/process_music.o
 .bss.music_sequence_recording
                0x000000000080033b        0x1 .build/obj_preonic_mustcode/quantum/process_keycode/process_music.o
 .bss.music_activated
                0x000000000080033c        0x1 .build/obj_preonic_mustcode/quantum/process_keycode/process_music.o
                0x000000000080033c                music_activated
 .bss.last_consumer_report
                0x000000000080033d        0x2 .build/obj_preonic_mustcode/common/host.o
 .bss.last_system_report
                0x000000000080033f        0x2 .build/obj_preonic_mustcode/common/host.o
 .bss.driver    0x0000000000800341        0x2 .build/obj_preonic_mustcode/common/host.o
 .bss.led_status.2917
                0x0000000000800343        0x1 .build/obj_preonic_mustcode/common/keyboard.o
 .bss.matrix_prev.2916
                0x0000000000800344        0xa .build/obj_preonic_mustcode/common/keyboard.o
 .bss.waiting_buffer_tail
                0x000000000080034e        0x1 .build/obj_preonic_mustcode/common/action_tapping.o
 .bss.waiting_buffer_head
                0x000000000080034f        0x1 .build/obj_preonic_mustcode/common/action_tapping.o
 .bss.waiting_buffer
                0x0000000000800350       0x30 .build/obj_preonic_mustcode/common/action_tapping.o
 .bss.tapping_key
                0x0000000000800380        0x6 .build/obj_preonic_mustcode/common/action_tapping.o
 .bss.layer_state
                0x0000000000800386        0x4 .build/obj_preonic_mustcode/common/action_layer.o
                0x0000000000800386                layer_state
 .bss.default_layer_state
                0x000000000080038a        0x4 .build/obj_preonic_mustcode/common/action_layer.o
                0x000000000080038a                default_layer_state
 .bss.oneshot_layer_data
                0x000000000080038e        0x1 .build/obj_preonic_mustcode/common/action_util.o
 .bss.oneshot_mods
                0x000000000080038f        0x1 .build/obj_preonic_mustcode/common/action_util.o
 .bss.__compound_literal.0
                0x0000000000800390        0x8 .build/obj_preonic_mustcode/common/action_util.o
 .bss.macro_mods
                0x0000000000800398        0x1 .build/obj_preonic_mustcode/common/action_util.o
 .bss.weak_mods
                0x0000000000800399        0x1 .build/obj_preonic_mustcode/common/action_util.o
 .bss.real_mods
                0x000000000080039a        0x1 .build/obj_preonic_mustcode/common/action_util.o
 .bss.debug_config
                0x000000000080039b        0x1 .build/obj_preonic_mustcode/common/debug.o
                0x000000000080039b                debug_config
 .bss.wdt_timeout
                0x000000000080039c        0x1 .build/obj_preonic_mustcode/common/avr/suspend.o
 .bss.keyboard_report_sent
                0x000000000080039d        0x8 .build/obj_preonic_mustcode/lufa.o
 .bss.keyboard_led_stats
                0x00000000008003a5        0x1 .build/obj_preonic_mustcode/lufa.o
 .bss.keyboard_idle
                0x00000000008003a6        0x1 .build/obj_preonic_mustcode/lufa.o
                0x00000000008003a6                keyboard_idle
 .bss.desired_output
                0x00000000008003a7        0x1 .build/obj_preonic_mustcode/outputselect.o
                0x00000000008003a7                desired_output
 *(COMMON)
 COMMON         0x00000000008003a8       0xed .build/obj_preonic_mustcode/keyboards/preonic/preonic.o
                0x00000000008003a8                midi_device
 COMMON         0x0000000000800495        0xc .build/obj_preonic_mustcode/quantum/audio/audio.o
                0x0000000000800495                notes_count
                0x0000000000800497                notes_pointer
                0x0000000000800499                audio_config
                0x000000000080049a                notes_rest
                0x000000000080049e                sample
                0x00000000008004a0                notes_repeat
 COMMON         0x00000000008004a1        0x4 .build/obj_preonic_mustcode/common/avr/timer.o
                0x00000000008004a1                timer_count
 COMMON         0x00000000008004a5        0x2 .build/obj_preonic_mustcode/common/magic.o
                0x00000000008004a5                keymap_config
 COMMON         0x00000000008004a7        0x1 .build/obj_preonic_mustcode/common/backlight.o
                0x00000000008004a7                backlight_config
 COMMON         0x00000000008004a8        0x3 .build/obj_preonic_mustcode/protocol/lufa/LUFA-git/LUFA/Drivers/USB/Core/DeviceStandardReq.o
                0x00000000008004a8                USB_Device_ConfigurationNumber
                0x00000000008004a9                USB_Device_CurrentlySelfPowered
                0x00000000008004aa                USB_Device_RemoteWakeupEnabled
 COMMON         0x00000000008004ab        0xa .build/obj_preonic_mustcode/protocol/lufa/LUFA-git/LUFA/Drivers/USB/Core/USBTask.o
                0x00000000008004ab                USB_IsInitialized
                0x00000000008004ac                USB_DeviceState
                0x00000000008004ad                USB_ControlRequest
                0x00000000008004b5                PROVIDE (__bss_end, .)
                0x0000000000006216                __data_load_start = LOADADDR (.data)
                0x00000000000063bc                __data_load_end = (__data_load_start + SIZEOF (.data))

.noinit         0x00000000008004b5        0x4
                0x00000000008004b5                PROVIDE (__noinit_start, .)
 *(.noinit*)
 .noinit        0x00000000008004b5        0x4 .build/obj_preonic_mustcode/common/avr/bootloader.o
                0x00000000008004b5                reset_key
                0x00000000008004b9                PROVIDE (__noinit_end, .)
                0x00000000008004b9                _end = .
                0x00000000008004b9                PROVIDE (__heap_start, .)

.eeprom         0x0000000000810000        0x0
 *(.eeprom*)
                0x0000000000810000                __eeprom_end = .

.fuse
 *(.fuse)
 *(.lfuse)
 *(.hfuse)
 *(.efuse)

.lock
 *(.lock*)

.signature
 *(.signature*)

.user_signatures
 *(.user_signatures*)

.stab
 *(.stab)

.stabstr        0x0000000000000000       0x6f
 *(.stabstr)
 .stabstr       0x0000000000000000       0x6f .build/obj_preonic_mustcode/common/avr/xprintf.o

.stab.excl
 *(.stab.excl)

.stab.exclstr
 *(.stab.exclstr)

.stab.index
 *(.stab.index)

.stab.indexstr
 *(.stab.indexstr)

.comment        0x0000000000000000       0x11
 *(.comment)
 .comment       0x0000000000000000       0x11 .build/obj_preonic_mustcode/keyboards/preonic/preonic.o
                                         0x12 (size before relaxing)
 .comment       0x0000000000000011       0x12 .build/obj_preonic_mustcode/keyboards/preonic/keymaps/mustcode/keymap.o
 .comment       0x0000000000000011       0x12 .build/obj_preonic_mustcode/quantum/quantum.o
 .comment       0x0000000000000011       0x12 .build/obj_preonic_mustcode/quantum/keymap_common.o
 .comment       0x0000000000000011       0x12 .build/obj_preonic_mustcode/quantum/keycode_config.o
 .comment       0x0000000000000011       0x12 .build/obj_preonic_mustcode/quantum/process_keycode/process_leader.o
 .comment       0x0000000000000011       0x12 .build/obj_preonic_mustcode/quantum/matrix.o
 .comment       0x0000000000000011       0x12 .build/obj_preonic_mustcode/quantum/process_keycode/process_audio.o
 .comment       0x0000000000000011       0x12 .build/obj_preonic_mustcode/quantum/audio/audio.o
 .comment       0x0000000000000011       0x12 .build/obj_preonic_mustcode/quantum/audio/voices.o
 .comment       0x0000000000000011       0x12 .build/obj_preonic_mustcode/quantum/audio/luts.o
 .comment       0x0000000000000011       0x12 .build/obj_preonic_mustcode/quantum/process_keycode/process_midi.o
 .comment       0x0000000000000011       0x12 .build/obj_preonic_mustcode/quantum/process_keycode/process_music.o
 .comment       0x0000000000000011       0x12 .build/obj_preonic_mustcode/common/host.o
 .comment       0x0000000000000011       0x12 .build/obj_preonic_mustcode/common/keyboard.o
 .comment       0x0000000000000011       0x12 .build/obj_preonic_mustcode/common/action.o
 .comment       0x0000000000000011       0x12 .build/obj_preonic_mustcode/common/action_tapping.o
 .comment       0x0000000000000011       0x12 .build/obj_preonic_mustcode/common/action_macro.o
 .comment       0x0000000000000011       0x12 .build/obj_preonic_mustcode/common/action_layer.o
 .comment       0x0000000000000011       0x12 .build/obj_preonic_mustcode/common/action_util.o
 .comment       0x0000000000000011       0x12 .build/obj_preonic_mustcode/common/debug.o
 .comment       0x0000000000000011       0x12 .build/obj_preonic_mustcode/common/eeconfig.o
 .comment       0x0000000000000011       0x12 .build/obj_preonic_mustcode/common/avr/suspend.o
 .comment       0x0000000000000011       0x12 .build/obj_preonic_mustcode/common/avr/timer.o
 .comment       0x0000000000000011       0x12 .build/obj_preonic_mustcode/common/avr/bootloader.o
 .comment       0x0000000000000011       0x12 .build/obj_preonic_mustcode/common/magic.o
 .comment       0x0000000000000011       0x12 .build/obj_preonic_mustcode/common/backlight.o
 .comment       0x0000000000000011       0x12 .build/obj_preonic_mustcode/midi.o
 .comment       0x0000000000000011       0x12 .build/obj_preonic_mustcode/midi_device.o
 .comment       0x0000000000000011       0x12 .build/obj_preonic_mustcode/bytequeue/bytequeue.o
 .comment       0x0000000000000011       0x12 .build/obj_preonic_mustcode/bytequeue/interrupt_setting.o
 .comment       0x0000000000000011       0x12 .build/obj_preonic_mustcode/protocol/lufa/LUFA-git/LUFA/Drivers/USB/Class/Device/MIDIClassDevice.o
 .comment       0x0000000000000011       0x12 .build/obj_preonic_mustcode/lufa.o
 .comment       0x0000000000000011       0x12 .build/obj_preonic_mustcode/descriptor.o
 .comment       0x0000000000000011       0x12 .build/obj_preonic_mustcode/outputselect.o
 .comment       0x0000000000000011       0x12 .build/obj_preonic_mustcode/protocol/lufa/LUFA-git/LUFA/Drivers/USB/Core/AVR8/Device_AVR8.o
 .comment       0x0000000000000011       0x12 .build/obj_preonic_mustcode/protocol/lufa/LUFA-git/LUFA/Drivers/USB/Core/AVR8/EndpointStream_AVR8.o
 .comment       0x0000000000000011       0x12 .build/obj_preonic_mustcode/protocol/lufa/LUFA-git/LUFA/Drivers/USB/Core/AVR8/Endpoint_AVR8.o
 .comment       0x0000000000000011       0x12 .build/obj_preonic_mustcode/protocol/lufa/LUFA-git/LUFA/Drivers/USB/Core/AVR8/USBController_AVR8.o
 .comment       0x0000000000000011       0x12 .build/obj_preonic_mustcode/protocol/lufa/LUFA-git/LUFA/Drivers/USB/Core/AVR8/USBInterrupt_AVR8.o
 .comment       0x0000000000000011       0x12 .build/obj_preonic_mustcode/protocol/lufa/LUFA-git/LUFA/Drivers/USB/Core/DeviceStandardReq.o
 .comment       0x0000000000000011       0x12 .build/obj_preonic_mustcode/protocol/lufa/LUFA-git/LUFA/Drivers/USB/Core/Events.o
 .comment       0x0000000000000011       0x12 .build/obj_preonic_mustcode/protocol/lufa/LUFA-git/LUFA/Drivers/USB/Core/USBTask.o
 .comment       0x0000000000000011       0x12 /usr/lib/gcc/avr/4.9.2/../../../avr/lib/avr5/libc.a(rand.o)

.note.gnu.avr.deviceinfo
                0x0000000000000000       0x40
 .note.gnu.avr.deviceinfo
                0x0000000000000000       0x40 /usr/lib/gcc/avr/4.9.2/../../../avr/lib/avr5/crtatmega32u4.o

.note.gnu.build-id
 *(.note.gnu.build-id)

.debug
 *(.debug)

.line
 *(.line)

.debug_srcinfo
 *(.debug_srcinfo)

.debug_sfnames
 *(.debug_sfnames)

.debug_aranges  0x0000000000000000      0xf30
 *(.debug_aranges)
 .debug_aranges
                0x0000000000000000       0x20 .build/obj_preonic_mustcode/keyboards/preonic/preonic.o
 .debug_aranges
                0x0000000000000020       0x50 .build/obj_preonic_mustcode/keyboards/preonic/keymaps/mustcode/keymap.o
 .debug_aranges
                0x0000000000000070      0x118 .build/obj_preonic_mustcode/quantum/quantum.o
 .debug_aranges
                0x0000000000000188       0x40 .build/obj_preonic_mustcode/quantum/keymap_common.o
 .debug_aranges
                0x00000000000001c8       0x20 .build/obj_preonic_mustcode/quantum/keycode_config.o
 .debug_aranges
                0x00000000000001e8       0x30 .build/obj_preonic_mustcode/quantum/process_keycode/process_leader.o
 .debug_aranges
                0x0000000000000218       0x90 .build/obj_preonic_mustcode/quantum/matrix.o
 .debug_aranges
                0x00000000000002a8       0x40 .build/obj_preonic_mustcode/quantum/process_keycode/process_audio.o
 .debug_aranges
                0x00000000000002e8       0xb8 .build/obj_preonic_mustcode/quantum/audio/audio.o
 .debug_aranges
                0x00000000000003a0       0x38 .build/obj_preonic_mustcode/quantum/audio/voices.o
 .debug_aranges
                0x00000000000003d8       0x18 .build/obj_preonic_mustcode/quantum/audio/luts.o
 .debug_aranges
                0x00000000000003f0       0x30 .build/obj_preonic_mustcode/quantum/process_keycode/process_midi.o
 .debug_aranges
                0x0000000000000420       0x60 .build/obj_preonic_mustcode/quantum/process_keycode/process_music.o
 .debug_aranges
                0x0000000000000480       0x60 .build/obj_preonic_mustcode/common/host.o
 .debug_aranges
                0x00000000000004e0       0x40 .build/obj_preonic_mustcode/common/keyboard.o
 .debug_aranges
                0x0000000000000520       0x90 .build/obj_preonic_mustcode/common/action.o
 .debug_aranges
                0x00000000000005b0       0x40 .build/obj_preonic_mustcode/common/action_tapping.o
 .debug_aranges
                0x00000000000005f0       0x20 .build/obj_preonic_mustcode/common/action_macro.o
 .debug_aranges
                0x0000000000000610       0xc0 .build/obj_preonic_mustcode/common/action_layer.o
 .debug_aranges
                0x00000000000006d0      0x130 .build/obj_preonic_mustcode/common/action_util.o
 .debug_aranges
                0x0000000000000800       0x18 .build/obj_preonic_mustcode/common/debug.o
 .debug_aranges
                0x0000000000000818       0x88 .build/obj_preonic_mustcode/common/eeconfig.o
 .debug_aranges
                0x00000000000008a0       0x50 .build/obj_preonic_mustcode/common/avr/suspend.o
 .debug_aranges
                0x00000000000008f0       0x50 .build/obj_preonic_mustcode/common/avr/timer.o
 .debug_aranges
                0x0000000000000940       0x28 .build/obj_preonic_mustcode/common/avr/bootloader.o
 .debug_aranges
                0x0000000000000968       0x20 .build/obj_preonic_mustcode/common/magic.o
 .debug_aranges
                0x0000000000000988       0x50 .build/obj_preonic_mustcode/common/backlight.o
 .debug_aranges
                0x00000000000009d8      0x150 .build/obj_preonic_mustcode/midi.o
 .debug_aranges
                0x0000000000000b28       0x50 .build/obj_preonic_mustcode/midi_device.o
 .debug_aranges
                0x0000000000000b78       0x40 .build/obj_preonic_mustcode/bytequeue/bytequeue.o
 .debug_aranges
                0x0000000000000bb8       0x28 .build/obj_preonic_mustcode/bytequeue/interrupt_setting.o
 .debug_aranges
                0x0000000000000be0       0x40 .build/obj_preonic_mustcode/protocol/lufa/LUFA-git/LUFA/Drivers/USB/Class/Device/MIDIClassDevice.o
 .debug_aranges
                0x0000000000000c20       0xc8 .build/obj_preonic_mustcode/lufa.o
 .debug_aranges
                0x0000000000000ce8       0x20 .build/obj_preonic_mustcode/descriptor.o
 .debug_aranges
                0x0000000000000d08       0x38 .build/obj_preonic_mustcode/outputselect.o
 .debug_aranges
                0x0000000000000d40       0x20 .build/obj_preonic_mustcode/protocol/lufa/LUFA-git/LUFA/Drivers/USB/Core/AVR8/Device_AVR8.o
 .debug_aranges
                0x0000000000000d60       0xc8 .build/obj_preonic_mustcode/protocol/lufa/LUFA-git/LUFA/Drivers/USB/Core/AVR8/EndpointStream_AVR8.o
 .debug_aranges
                0x0000000000000e28       0x40 .build/obj_preonic_mustcode/protocol/lufa/LUFA-git/LUFA/Drivers/USB/Core/AVR8/Endpoint_AVR8.o
 .debug_aranges
                0x0000000000000e68       0x30 .build/obj_preonic_mustcode/protocol/lufa/LUFA-git/LUFA/Drivers/USB/Core/AVR8/USBController_AVR8.o
 .debug_aranges
                0x0000000000000e98       0x38 .build/obj_preonic_mustcode/protocol/lufa/LUFA-git/LUFA/Drivers/USB/Core/AVR8/USBInterrupt_AVR8.o
 .debug_aranges
                0x0000000000000ed0       0x20 .build/obj_preonic_mustcode/protocol/lufa/LUFA-git/LUFA/Drivers/USB/Core/DeviceStandardReq.o
 .debug_aranges
                0x0000000000000ef0       0x20 .build/obj_preonic_mustcode/protocol/lufa/LUFA-git/LUFA/Drivers/USB/Core/Events.o
 .debug_aranges
                0x0000000000000f10       0x20 .build/obj_preonic_mustcode/protocol/lufa/LUFA-git/LUFA/Drivers/USB/Core/USBTask.o

.debug_pubnames
 *(.debug_pubnames)

.debug_info     0x0000000000000000    0x19d58
 *(.debug_info .gnu.linkonce.wi.*)
 .debug_info    0x0000000000000000      0x3d1 .build/obj_preonic_mustcode/keyboards/preonic/preonic.o
 .debug_info    0x00000000000003d1     0x1839 .build/obj_preonic_mustcode/keyboards/preonic/keymaps/mustcode/keymap.o
 .debug_info    0x0000000000001c0a     0x2286 .build/obj_preonic_mustcode/quantum/quantum.o
 .debug_info    0x0000000000003e90     0x1abb .build/obj_preonic_mustcode/quantum/keymap_common.o
 .debug_info    0x000000000000594b      0x5ec .build/obj_preonic_mustcode/quantum/keycode_config.o
 .debug_info    0x0000000000005f37      0xe8c .build/obj_preonic_mustcode/quantum/process_keycode/process_leader.o
 .debug_info    0x0000000000006dc3      0x6c3 .build/obj_preonic_mustcode/quantum/matrix.o
 .debug_info    0x0000000000007486      0xfe9 .build/obj_preonic_mustcode/quantum/process_keycode/process_audio.o
 .debug_info    0x000000000000846f      0xb65 .build/obj_preonic_mustcode/quantum/audio/audio.o
 .debug_info    0x0000000000008fd4      0x561 .build/obj_preonic_mustcode/quantum/audio/voices.o
 .debug_info    0x0000000000009535       0xbe .build/obj_preonic_mustcode/quantum/audio/luts.o
 .debug_info    0x00000000000095f3      0x4f4 .build/obj_preonic_mustcode/quantum/process_keycode/process_midi.o
 .debug_info    0x0000000000009ae7     0x165e .build/obj_preonic_mustcode/quantum/process_keycode/process_music.o
 .debug_info    0x000000000000b145      0x76b .build/obj_preonic_mustcode/common/host.o
 .debug_info    0x000000000000b8b0      0x418 .build/obj_preonic_mustcode/common/keyboard.o
 .debug_info    0x000000000000bcc8     0x19ac .build/obj_preonic_mustcode/common/action.o